Component: ARM Compiler 5.06 update 5 (build 528) Tool: armlink [4d35e2]

==============================================================================

Section Cross References

    timer32.o(i.CalcPeriodFromFrequency) refers to dflt_clz.o(x$fpl$dfltu) for __aeabi_ui2d
    timer32.o(i.CalcPeriodFromFrequency) refers to ddiv.o(x$fpl$ddiv) for __aeabi_ddiv
    timer32.o(i.CalcPeriodFromFrequency) refers to dfixu.o(x$fpl$dfixu) for __aeabi_d2uiz
    timer32.o(i.CalcPeriodFromFrequency) refers to system_msp432p4111.o(.data) for SystemCoreClock
    timer32.o(i.MS_Timeout_Handler) refers to timer32.o(.data) for timeOut
    timer32.o(i.T32_INT1_IRQHandler) refers to timer32.o(.data) for Timer32_1_PeriodicTask
    timer32.o(i.T32_INT2_IRQHandler) refers to timer32.o(.data) for Timer32_2_PeriodicTask
    timer32.o(i.Timer32_1_Init) refers to cortexm.o(.emb_text) for StartCritical
    timer32.o(i.Timer32_1_Init) refers to timer32.o(.data) for timer1Period
    timer32.o(i.Timer32_2_Init) refers to cortexm.o(.emb_text) for StartCritical
    timer32.o(i.Timer32_2_Init) refers to timer32.o(.data) for timer2Period
    timera.o(i.TIMER_A0_PWM_DutyCycle) refers to dflt_clz.o(x$fpl$dfltu) for __aeabi_ui2d
    timera.o(i.TIMER_A0_PWM_DutyCycle) refers to dmul.o(x$fpl$dmul) for __aeabi_dmul
    timera.o(i.TIMER_A0_PWM_DutyCycle) refers to dfixu.o(x$fpl$dfixu) for __aeabi_d2uiz
    timera.o(i.TIMER_A0_PWM_DutyCycle) refers to timera.o(.bss) for DEFAULT_PERIOD_A0
    timera.o(i.TIMER_A0_PWM_Init) refers to dflt_clz.o(x$fpl$dfltu) for __aeabi_ui2d
    timera.o(i.TIMER_A0_PWM_Init) refers to dmul.o(x$fpl$dmul) for __aeabi_dmul
    timera.o(i.TIMER_A0_PWM_Init) refers to dfixu.o(x$fpl$dfixu) for __aeabi_d2uiz
    timera.o(i.TIMER_A0_PWM_Init) refers to timera.o(.bss) for DEFAULT_PERIOD_A0
    timera.o(i.TIMER_A0_PWM_Init) refers to timera.o(.data) for dutyCycle
    timera.o(i.TIMER_A2_PWM_DutyCycle) refers to dflt_clz.o(x$fpl$dfltu) for __aeabi_ui2d
    timera.o(i.TIMER_A2_PWM_DutyCycle) refers to dmul.o(x$fpl$dmul) for __aeabi_dmul
    timera.o(i.TIMER_A2_PWM_DutyCycle) refers to dfixu.o(x$fpl$dfixu) for __aeabi_d2uiz
    timera.o(i.TIMER_A2_PWM_DutyCycle) refers to timera.o(.bss) for DEFAULT_PERIOD_A2
    timera.o(i.TIMER_A2_PWM_Init) refers to dflt_clz.o(x$fpl$dfltu) for __aeabi_ui2d
    timera.o(i.TIMER_A2_PWM_Init) refers to dmul.o(x$fpl$dmul) for __aeabi_dmul
    timera.o(i.TIMER_A2_PWM_Init) refers to dfixu.o(x$fpl$dfixu) for __aeabi_d2uiz
    timera.o(i.TIMER_A2_PWM_Init) refers to timera.o(.bss) for DEFAULT_PERIOD_A2
    timera.o(i.TIMER_A2_PWM_Init) refers to timera.o(.data) for dutyCycle
    uart.o(i.uart0_init) refers to system_msp432p4111.o(.data) for SystemCoreClock
    uart.o(i.uart0_put) refers to uart.o(i.uart0_putchar) for uart0_putchar
    uart.o(i.uart2_init) refers to system_msp432p4111.o(.data) for SystemCoreClock
    uart.o(i.uart2_put) refers to uart.o(i.uart2_putchar) for uart2_putchar
    adc14.o(i.findMidpoint) refers to dflt_clz.o(x$fpl$dfltu) for __aeabi_ui2d
    adc14.o(i.findMidpoint) refers to dmul.o(x$fpl$dmul) for __aeabi_dmul
    adc14.o(i.findMidpoint) refers to dfixu.o(x$fpl$dfixu) for __aeabi_d2uiz
    adc14.o(i.findMidpoint) refers to adc14.o(i.smoothData) for smoothData
    adc14.o(i.printBinAverages) refers to _printf_percent.o(.ARM.Collect$$_printf_percent$$00000000) for _printf_percent
    adc14.o(i.printBinAverages) refers to _printf_u.o(.ARM.Collect$$_printf_percent$$0000000A) for _printf_u
    adc14.o(i.printBinAverages) refers to _printf_dec.o(.text) for _printf_int_dec
    adc14.o(i.printBinAverages) refers to _printf_s.o(.ARM.Collect$$_printf_percent$$00000014) for _printf_s
    adc14.o(i.printBinAverages) refers to _printf_str.o(.text) for _printf_str
    adc14.o(i.printBinAverages) refers to rt_memclr_w.o(.text) for __aeabi_memclr4
    adc14.o(i.printBinAverages) refers to noretval__2sprintf.o(.text) for __2sprintf
    adc14.o(i.printBinAverages) refers to strcat.o(.text) for strcat
    adc14.o(i.printBinAverages) refers to noretval__2printf.o(.text) for __2printf
    controlpins.o(i.CLK_Handler) refers to adc14.o(i.ADC_In) for ADC_In
    controlpins.o(i.CLK_Handler) refers to systicktimer.o(i.DisableSysTickTimer) for DisableSysTickTimer
    controlpins.o(i.CLK_Handler) refers to controlpins.o(.bss) for line
    controlpins.o(i.CLK_Handler) refers to controlpins.o(.data) for pixelCounter
    controlpins.o(i.ControlPin_CLK_Init) refers to timer32.o(i.CalcPeriodFromFrequency) for CalcPeriodFromFrequency
    controlpins.o(i.ControlPin_CLK_Init) refers to systicktimer.o(i.SysTickTimer_Init) for SysTickTimer_Init
    controlpins.o(i.ControlPin_CLK_Init) refers to systicktimer.o(i.DisableSysTickTimer) for DisableSysTickTimer
    controlpins.o(i.ControlPin_CLK_Init) refers to controlpins.o(i.CLK_Handler) for CLK_Handler
[...]
    ../clib/printf.c                         0x00000000   Number         0  __printf_nopercent.o ABSOLUTE
    ../clib/printf_percent.s                 0x00000000   Number         0  _printf_i.o ABSOLUTE
    ../clib/printf_percent.s                 0x00000000   Number         0  _printf_percent.o ABSOLUTE
    ../clib/printf_percent.s                 0x00000000   Number         0  _printf_s.o ABSOLUTE
    ../clib/printf_percent.s                 0x00000000   Number         0  _printf_u.o ABSOLUTE
    ../clib/printf_percent.s                 0x00000000   Number         0  _printf_percent_end.o ABSOLUTE
    ../clib/printf_percent.s                 0x00000000   Number         0  _printf_f.o ABSOLUTE
    ../clib/signal.c                         0x00000000   Number         0  defsig_segv_inner.o ABSOLUTE
    ../clib/signal.c                         0x00000000   Number         0  defsig_cppl_inner.o ABSOLUTE
    ../clib/signal.c                         0x00000000   Number         0  defsig_pvfn_inner.o ABSOLUTE
    ../clib/signal.c                         0x00000000   Number         0  defsig_stak_inner.o ABSOLUTE
    ../clib/signal.c                         0x00000000   Number         0  defsig_fpe_inner.o ABSOLUTE
    ../clib/signal.c                         0x00000000   Number         0  defsig_abrt_inner.o ABSOLUTE
    ../clib/signal.c                         0x00000000   Number         0  defsig_rtmem_inner.o ABSOLUTE
    ../clib/signal.c                         0x00000000   Number         0  defsig_rtmem_formal.o ABSOLUTE
    ../clib/signal.c                         0x00000000   Number         0  defsig_rtmem_outer.o ABSOLUTE
    ../clib/signal.c                         0x00000000   Number         0  defsig_general.o ABSOLUTE
    ../clib/signal.c                         0x00000000   Number         0  __raise.o ABSOLUTE
    ../clib/signal.c                         0x00000000   Number         0  defsig_rtred_inner.o ABSOLUTE
    ../clib/signal.c                         0x00000000   Number         0  defsig_other.o ABSOLUTE
    ../clib/signal.c                         0x00000000   Number         0  defsig_exit.o ABSOLUTE
    ../clib/signal.c                         0x00000000   Number         0  defsig_rtred_formal.o ABSOLUTE
    ../clib/signal.c                         0x00000000   Number         0  defsig_rtred_outer.o ABSOLUTE
    ../clib/signal.s                         0x00000000   Number         0  defsig.o ABSOLUTE
    ../clib/stdio.c                          0x00000000   Number         0  setvbuf.o ABSOLUTE
    ../clib/stdio.c                          0x00000000   Number         0  flsbuf.o ABSOLUTE
    ../clib/stdio.c                          0x00000000   Number         0  stdio.o ABSOLUTE
    ../clib/stdio.c                          0x00000000   Number         0  fwritefast.o ABSOLUTE
    ../clib/stdio.c                          0x00000000   Number         0  initio_locked.o ABSOLUTE
    ../clib/stdio.c                          0x00000000   Number         0  fwritefast_locked.o ABSOLUTE
    ../clib/stdio.c                          0x00000000   Number         0  fputs_locked.o ABSOLUTE
    ../clib/stdio.c                          0x00000000   Number         0  fflush.o ABSOLUTE
    ../clib/stdio.c                          0x00000000   Number         0  fputs.o ABSOLUTE
    ../clib/stdio.c                          0x00000000   Number         0  fopen_locked.o ABSOLUTE
    ../clib/stdio.c                          0x00000000   Number         0  ftell.o ABSOLUTE
    ../clib/stdio.c                          0x00000000   Number         0  fflush_locked.o ABSOLUTE
    ../clib/stdio.c                          0x00000000   Number         0  stdio_streams.o ABSOLUTE
    ../clib/stdio.c                          0x00000000   Number         0  ferror.o ABSOLUTE
    ../clib/stdio.c                          0x00000000   Number         0  setvbuf_locked.o ABSOLUTE
    ../clib/stdio.c                          0x00000000   Number         0  fputc.o ABSOLUTE
    ../clib/stdio.c                          0x00000000   Number         0  fclose.o ABSOLUTE
    ../clib/stdio.c                          0x00000000   Number         0  initio.o ABSOLUTE
    ../clib/stdio.c                          0x00000000   Number         0  ferror_locked.o ABSOLUTE
    ../clib/stdio.c                          0x00000000   Number         0  fputc_locked.o ABSOLUTE
    ../clib/stdio.c                          0x00000000   Number         0  fseek.o ABSOLUTE
    ../clib/stdio.c                          0x00000000   Number         0  fopen.o ABSOLUTE
    ../clib/stdio.c                          0x00000000   Number         0  streamlock.o ABSOLUTE
    ../clib/stdlib.c                         0x00000000   Number         0  exit.o ABSOLUTE
    ../clib/string.c                         0x00000000   Number         0  strlen.o ABSOLUTE
    ../clib/string.c                         0x00000000   Number         0  strcat.o ABSOLUTE
    ../clib/wchar.c                          0x00000000   Number         0  flsbuf_fwide.o ABSOLUTE
    ../fplib/d2f.s                           0x00000000   Number         0  d2f.o ABSOLUTE
    ../fplib/daddsub.s                       0x00000000   Number         0  daddsub_clz.o ABSOLUTE
    ../fplib/dcmpi.s                         0x00000000   Number         0  dcmpi.o ABSOLUTE
    ../fplib/ddiv.s                          0x00000000   Number         0  ddiv.o ABSOLUTE
    ../fplib/deqf.s                          0x00000000   Number         0  deqf.o ABSOLUTE
    ../fplib/dfix.s                          0x00000000   Number         0  dfix.o ABSOLUTE
    ../fplib/dfixu.s                         0x00000000   Number         0  dfixu.o ABSOLUTE
    ../fplib/dflt.s                          0x00000000   Number         0  dflt_clz.o ABSOLUTE
    ../fplib/dleqf.s                         0x00000000   Number         0  dleqf.o ABSOLUTE
    ../fplib/dmul.s                          0x00000000   Number         0  dmul.o ABSOLUTE
    ../fplib/dnaninf.s                       0x00000000   Number         0  dnaninf.o ABSOLUTE
    ../fplib/dretinf.s                       0x00000000   Number         0  dretinf.o ABSOLUTE
    ../fplib/drleqf.s                        0x00000000   Number         0  drleqf.o ABSOLUTE
    ../fplib/f2d.s                           0x00000000   Number         0  f2d.o ABSOLUTE
    ../fplib/fnaninf.s                       0x00000000   Number         0  fnaninf.o ABSOLUTE
    ../fplib/fpinit.s                        0x00000000   Number         0  fpinit.o ABSOLUTE
    ../fplib/fretinf.s                       0x00000000   Number         0  fretinf.o ABSOLUTE
    ../fplib/istatus.s                       0x00000000   Number         0  istatus.o ABSOLUTE
    ../fplib/printf1.s                       0x00000000   Number         0  printf1.o ABSOLUTE
    ../fplib/usenofp.s                       0x00000000   Number         0  usenofp.o ABSOLUTE
    ../mathlib/floor.c                       0x00000000   Number         0  floor.o ABSOLUTE
    ../mathlib/fpclassify.c                  0x00000000   Number         0  fpclassify.o ABSOLUTE
    ..\ADC14.c                               0x00000000   Number         0  adc14.o ABSOLUTE
    ..\ControlPins.c                         0x00000000   Number         0  controlpins.o ABSOLUTE
    ..\CortexM.c                             0x00000000   Number         0  cortexm.o ABSOLUTE
    ..\SysTickTimer.c                        0x00000000   Number         0  systicktimer.o ABSOLUTE
    ..\Timer32.c                             0x00000000   Number         0  timer32.o ABSOLUTE
    ..\TimerA.c                              0x00000000   Number         0  timera.o ABSOLUTE
    ..\\ADC14.c                              0x00000000   Number         0  adc14.o ABSOLUTE
    ..\\ControlPins.c                        0x00000000   Number         0  controlpins.o ABSOLUTE
    ..\\CortexM.c                            0x00000000   Number         0  cortexm.o ABSOLUTE
    ..\\SysTickTimer.c                       0x00000000   Number         0  systicktimer.o ABSOLUTE
    ..\\Timer32.c                            0x00000000   Number         0  timer32.o ABSOLUTE
    ..\\TimerA.c                             0x00000000   Number         0  timera.o ABSOLUTE
    ..\\i2c.c                                0x00000000   Number         0  i2c.o ABSOLUTE
    ..\\led.c                                0x00000000   Number         0  led.o ABSOLUTE
    ..\\main1.c                              0x00000000   Number         0  main1.o ABSOLUTE
    ..\\motors.c                             0x00000000   Number         0  motors.o ABSOLUTE
    ..\\oled.c                               0x00000000   Number         0  oled.o ABSOLUTE
    ..\\switches.c                           0x00000000   Number         0  switches.o ABSOLUTE
    ..\\uart.c                               0x00000000   Number         0  uart.o ABSOLUTE
    ..\i2c.c                                 0x00000000   Number         0  i2c.o ABSOLUTE
    ..\led.c                                 0x00000000   Number         0  led.o ABSOLUTE
    ..\main1.c                               0x00000000   Number         0  main1.o ABSOLUTE
    ..\motors.c                              0x00000000   Number         0  motors.o ABSOLUTE
    ..\oled.c                                0x00000000   Number         0  oled.o ABSOLUTE
    ..\switches.c                            0x00000000   Number         0  switches.o ABSOLUTE
    ..\uart.c                                0x00000000   Number         0  uart.o ABSOLUTE
    RTE\Device\MSP432P4111\startup_msp432p4111_uvision.s 0x00000000   Number         0  startup_msp432p4111_uvision.o ABSOLUTE
    RTE\Device\MSP432P4111\system_msp432p4111.c 0x00000000   Number         0  system_msp432p4111.o ABSOLUTE
    RTE\\Device\\MSP432P4111\\system_msp432p4111.c 0x00000000   Number         0  system_msp432p4111.o ABSOLUTE
    dc.s                                     0x00000000   Number         0  dc.o ABSOLUTE
    !!!main                                  0x00000144   Section        8  __main.o(!!!main)
    !!!scatter                               0x0000014c   Section       52  __scatter.o(!!!scatter)
    !!dczerorl2                              0x00000180   Section       90  __dczerorl2.o(!!dczerorl2)
    !!handler_zi                             0x000001dc   Section       28  __scatter_zi.o(!!handler_zi)
    .ARM.Collect$$_printf_percent$$00000000  0x000001f8   Section        0  _printf_percent.o(.ARM.Collect$$_printf_percent$$00000000)
    .ARM.Collect$$_printf_percent$$00000003  0x000001f8   Section        6  _printf_f.o(.ARM.Collect$$_printf_percent$$00000003)
    .ARM.Collect$$_printf_percent$$00000008  0x000001fe   Section        6  _printf_i.o(.ARM.Collect$$_printf_percent$$00000008)
    .ARM.Collect$$_printf_percent$$00000017  0x00000204   Section        4  _printf_percent_end.o(.ARM.Collect$$_printf_percent$$00000017)
    .ARM.Collect$$libinit$$00000000          0x00000208   Section        2  libinit.o(.ARM.Collect$$libinit$$00000000)
    .ARM.Collect$$libinit$$00000001          0x0000020a   Section        4  libinit2.o(.ARM.Collect$$libinit$$00000001)
    .ARM.Collect$$libinit$$00000004          0x0000020e   Section        0  libinit2.o(.ARM.Collect$$libinit$$00000004)
    .ARM.Collect$$libinit$$0000000A          0x0000020e   Section        0  libinit2.o(.ARM.Collect$$libinit$$0000000A)
    .ARM.Collect$$libinit$$0000000C          0x0000020e   Section        0  libinit2.o(.ARM.Collect$$libinit$$0000000C)
    .ARM.Collect$$libinit$$0000000E          0x0000020e   Section        0  libinit2.o(.ARM.Collect$$libinit$$0000000E)
    .ARM.Collect$$libinit$$0000000F          0x0000020e   Section        6  libinit2.o(.ARM.Collect$$libinit$$0000000F)
    .ARM.Collect$$libinit$$00000011          0x00000214   Section        0  libinit2.o(.ARM.Collect$$libinit$$00000011)
    .ARM.Collect$$libinit$$00000013          0x00000214   Section        0  libinit2.o(.ARM.Collect$$libinit$$00000013)
    .ARM.Collect$$libinit$$00000015          0x00000214   Section        0  libinit2.o(.ARM.Collect$$libinit$$00000015)
    .ARM.Collect$$libinit$$00000016          0x00000214   Section       10  libinit2.o(.ARM.Collect$$libinit$$00000016)
    .ARM.Collect$$libinit$$00000017          0x0000021e   Section        0  libinit2.o(.ARM.Collect$$libinit$$00000017)
    .ARM.Collect$$libinit$$00000019          0x0000021e   Section        0  libinit2.o(.ARM.Collect$$libinit$$00000019)
    .ARM.Collect$$libinit$$0000001B          0x0000021e   Section        0  libinit2.o(.ARM.Collect$$libinit$$0000001B)
    .ARM.Collect$$libinit$$0000001D          0x0000021e   Section        0  libinit2.o(.ARM.Collect$$libinit$$0000001D)
    .ARM.Collect$$libinit$$0000001F          0x0000021e   Section        0  libinit2.o(.ARM.Collect$$libinit$$0000001F)
    .ARM.Collect$$libinit$$00000021          0x0000021e   Section        0  libinit2.o(.ARM.Collect$$libinit$$00000021)
    .ARM.Collect$$libinit$$00000023          0x0000021e   Section        0  libinit2.o(.ARM.Collect$$libinit$$00000023)
    .ARM.Collect$$libinit$$00000025          0x0000021e   Section        0  libinit2.o(.ARM.Collect$$libinit$$00000025)
    .ARM.Collect$$libinit$$0000002C          0x0000021e   Section        0  libinit2.o(.ARM.Collect$$libinit$$0000002C)
    .ARM.Collect$$libinit$$0000002E          0x0000021e   Section        0  libinit2.o(.ARM.Collect$$libinit$$0000002E)
    .ARM.Collect$$libinit$$00000030          0x0000021e   Section        0  libinit2.o(.ARM.Collect$$libinit$$00000030)
    .ARM.Collect$$libinit$$00000032          0x0000021e   Section        0  libinit2.o(.ARM.Collect$$libinit$$00000032)
    .ARM.Collect$$libinit$$00000033          0x0000021e   Section        2  libinit2.o(.ARM.Collect$$libinit$$00000033)
    .ARM.Collect$$libshutdown$$00000000      0x00000220   Section        2  libshutdown.o(.ARM.Collect$$libshutdown$$00000000)
    .ARM.Collect$$libshutdown$$00000002      0x00000222   Section        0  libshutdown2.o(.ARM.Collect$$libshutdown$$00000002)
    .ARM.Collect$$libshutdown$$00000004      0x00000222   Section        0  libshutdown2.o(.ARM.Collect$$libshutdown$$00000004)
    .ARM.Collect$$libshutdown$$00000007      0x00000222   Section        0  libshutdown2.o(.ARM.Collect$$libshutdown$$00000007)
    .ARM.Collect$$libshutdown$$0000000A      0x00000222   Section        0  libshutdown2.o(.ARM.Collect$$libshutdown$$0000000A)
    .ARM.Collect$$libshutdown$$0000000C      0x00000222   Section        0  libshutdown2.o(.ARM.Collect$$libshutdown$$0000000C)
    .ARM.Collect$$libshutdown$$0000000F      0x00000222   Section        0  libshutdown2.o(.ARM.Collect$$libshutdown$$0000000F)
    .ARM.Collect$$libshutdown$$00000010      0x00000222   Section        2  libshutdown2.o(.ARM.Collect$$libshutdown$$00000010)
    .ARM.Collect$$rtentry$$00000000          0x00000224   Section        0  __rtentry.o(.ARM.Collect$$rtentry$$00000000)
    .ARM.Collect$$rtentry$$00000002          0x00000224   Section        0  __rtentry2.o(.ARM.Collect$$rtentry$$00000002)
    .ARM.Collect$$rtentry$$00000004          0x00000224   Section        6  __rtentry4.o(.ARM.Collect$$rtentry$$00000004)
    .ARM.Collect$$rtentry$$00000009          0x0000022a   Section        0  __rtentry2.o(.ARM.Collect$$rtentry$$00000009)
    .ARM.Collect$$rtentry$$0000000A          0x0000022a   Section        4  __rtentry2.o(.ARM.Collect$$rtentry$$0000000A)
    .ARM.Collect$$rtentry$$0000000C          0x0000022e   Section        0  __rtentry2.o(.ARM.Collect$$rtentry$$0000000C)
    .ARM.Collect$$rtentry$$0000000D          0x0000022e   Section        8  __rtentry2.o(.ARM.Collect$$rtentry$$0000000D)
    .ARM.Collect$$rtexit$$00000000           0x00000236   Section        2  rtexit.o(.ARM.Collect$$rtexit$$00000000)
    .ARM.Collect$$rtexit$$00000002           0x00000238   Section        0  rtexit2.o(.ARM.Collect$$rtexit$$00000002)
    .ARM.Collect$$rtexit$$00000003           0x00000238   Section        4  rtexit2.o(.ARM.Collect$$rtexit$$00000003)
    .ARM.Collect$$rtexit$$00000004           0x0000023c   Section        6  rtexit2.o(.ARM.Collect$$rtexit$$00000004)
    .emb_text                                0x00000244   Section       32  cortexm.o(.emb_text)
    $v0                                      0x00000244   Number         0  cortexm.o(.emb_text)
    .text                                    0x00000264   Section       60  startup_msp432p4111_uvision.o(.text)
    $v0                                      0x00000264   Number         0  startup_msp432p4111_uvision.o(.text)
    .text                                    0x000002a0   Section        0  noretval__2sprintf.o(.text)
    .text                                    0x000002c8   Section        0  __printf.o(.text)
    .text                                    0x00000330   Section        0  _printf_dec.o(.text)
    .text                                    0x000003a8   Section        0  strlen.o(.text)
    .text                                    0x000003e6   Section       68  rt_memclr.o(.text)
    .text                                    0x0000042a   Section       78  rt_memclr_w.o(.text)
    .text                                    0x00000478   Section        0  heapauxi.o(.text)
    .text                                    0x0000047e   Section        0  _printf_intcommon.o(.text)
    .text                                    0x00000530   Section        0  _printf_fp_dec.o(.text)
    _fp_digits                               0x00000533   Thumb Code   432  _printf_fp_dec.o(.text)
    .text                                    0x00000950   Section        0  _printf_char_common.o(.text)
    _printf_input_char                       0x00000951   Thumb Code    10  _printf_char_common.o(.text)
    .text                                    0x00000980   Section        0  _sputc.o(.text)
    .text                                    0x0000098c   Section        8  rt_locale_intlibspace.o(.text)
    .text                                    0x00000994   Section      138  lludiv10.o(.text)
    .text                                    0x00000a20   Section        0  _printf_fp_infnan.o(.text)
    .text                                    0x00000aa0   Section        0  bigflt0.o(.text)
    .text                                    0x00000b84   Section        8  libspace.o(.text)
    .text                                    0x00000b8c   Section       74  sys_stackheap_outer.o(.text)
    .text                                    0x00000bd6   Section        0  exit.o(.text)
    .text                                    0x00000be8   Section      128  strcmpv7m.o(.text)
    .text                                    0x00000c68   Section        2  use_no_semi.o(.text)
    .text                                    0x00000c6a   Section        0  indicate_semi.o(.text)
    .text                                    0x00000c6c   Section        0  sys_exit.o(.text)
    CL$$btod_d2e                             0x00000c78   Section       62  btod.o(CL$$btod_d2e)
    CL$$btod_d2e_denorm_low                  0x00000cb6   Section       70  btod.o(CL$$btod_d2e_denorm_low)
    CL$$btod_d2e_norm_op1                    0x00000cfc   Section       96  btod.o(CL$$btod_d2e_norm_op1)
    CL$$btod_div_common                      0x00000d5c   Section      824  btod.o(CL$$btod_div_common)
    CL$$btod_e2e                             0x00001094   Section      220  btod.o(CL$$btod_e2e)
    CL$$btod_ediv                            0x00001170   Section       42  btod.o(CL$$btod_ediv)
    CL$$btod_emul                            0x0000119a   Section       42  btod.o(CL$$btod_emul)
    CL$$btod_mult_common                     0x000011c4   Section      580  btod.o(CL$$btod_mult_common)
    i.ADC0_InitSWTriggerCh6                  0x00001408   Section        0  adc14.o(i.ADC0_InitSWTriggerCh6)
    i.ADC_In                                 0x00001578   Section        0  adc14.o(i.ADC_In)
    i.CLK_Handler                            0x000015b0   Section        0  controlpins.o(i.CLK_Handler)
    i.CalcPeriodFromFrequency                0x0000160c   Section        0  timer32.o(i.CalcPeriodFromFrequency)
    i.Camera_Init                            0x0000165c   Section        0  main1.o(i.Camera_Init)
    i.ControlPin_CLK_Init                    0x00001678   Section        0  controlpins.o(i.ControlPin_CLK_Init)
    i.ControlPin_SI_Init                     0x000016cc   Section        0  controlpins.o(i.ControlPin_SI_Init)
    i.DC_Motor_Enable                        0x0000171c   Section        0  motors.o(i.DC_Motor_Enable)
    i.DC_Motor_Init                          0x00001738   Section        0  motors.o(i.DC_Motor_Init)
    i.DisableSysTickTimer                    0x000017a0   Section        0  systicktimer.o(i.DisableSysTickTimer)
    i.EnableSysTickTimer                     0x000017c6   Section        0  systicktimer.o(i.EnableSysTickTimer)
    i.LED1_Init                              0x000017ec   Section        0  led.o(i.LED1_Init)
    i.LED1_off                               0x00001850   Section        0  led.o(i.LED1_off)
    i.LED1_on                                0x00001864   Section        0  led.o(i.LED1_on)
    i.LED2_B_on                              0x00001878   Section        0  led.o(i.LED2_B_on)
    i.LED2_Init                              0x000018a0   Section        0  led.o(i.LED2_Init)
    i.LED2_off                               0x00001970   Section        0  led.o(i.LED2_off)
    i.OLED_DisplayCameraData                 0x00001998   Section        0  oled.o(i.OLED_DisplayCameraData)
    i.OLED_Init                              0x000019b0   Section        0  oled.o(i.OLED_Init)
    i.OLED_Print                             0x00001ad0   Section        0  oled.o(i.OLED_Print)
    i.OLED_display_clear                     0x00001b00   Section        0  oled.o(i.OLED_display_clear)
    i.OLED_display_on                        0x00001b18   Section        0  oled.o(i.OLED_display_on)
    i.OLED_draw                              0x00001b24   Section        0  oled.o(i.OLED_draw)
    i.OLED_draw_line                         0x00001b80   Section        0  oled.o(i.OLED_draw_line)
    i.OLED_sendCommand                       0x00001baa   Section        0  oled.o(i.OLED_sendCommand)
    i.OLED_sendData                          0x00001bc2   Section        0  oled.o(i.OLED_sendData)
    i.OLED_write_display                     0x00001bec   Section        0  oled.o(i.OLED_write_display)
    i.SI_Handler                             0x00001c14   Section        0  controlpins.o(i.SI_Handler)
    i.Switches_Init                          0x00001c60   Section        0  switches.o(i.Switches_Init)
    i.SysTickTimer_Init                      0x00001d28   Section        0  systicktimer.o(i.SysTickTimer_Init)
    i.SysTick_Handler                        0x00001d9c   Section        0  systicktimer.o(i.SysTick_Handler)
    i.SystemInit                             0x00001db8   Section        0  system_msp432p4111.o(i.SystemInit)
    i.T32_INT1_IRQHandler                    0x00001e94   Section        0  timer32.o(i.T32_INT1_IRQHandler)
    i.T32_INT2_IRQHandler                    0x00001ec0   Section        0  timer32.o(i.T32_INT2_IRQHandler)
    i.TIMER_A0_PWM_Init                      0x00001eec   Section        0  timera.o(i.TIMER_A0_PWM_Init)
    i.TIMER_A2_PWM_DutyCycle                 0x00002014   Section        0  timera.o(i.TIMER_A2_PWM_DutyCycle)
    i.TIMER_A2_PWM_Init                      0x00002058   Section        0  timera.o(i.TIMER_A2_PWM_Init)
    i.Timer32_1_Init                         0x00002110   Section        0  timer32.o(i.Timer32_1_Init)
    i.__ARM_fpclassify                       0x00002194   Section        0  fpclassify.o(i.__ARM_fpclassify)
    i.__hardfp_floor                         0x000021c8   Section        0  floor.o(i.__hardfp_floor)
    i.draw_1d_data                           0x000022e0   Section        0  oled.o(i.draw_1d_data)
    i.findMidpoint                           0x00002390   Section        0  adc14.o(i.findMidpoint)
    i.i2c0_Init                              0x00002458   Section        0  i2c.o(i.i2c0_Init)
    i.i2c0_put                               0x000024dc   Section        0  i2c.o(i.i2c0_put)
    i.i2c0_putchar                           0x00002544   Section        0  i2c.o(i.i2c0_putchar)
    i2c0_putchar                             0x00002545   Thumb Code    20  i2c.o(i.i2c0_putchar)
    i.main                                   0x0000255c   Section        0  main1.o(i.main)
    i.myDelay                                0x00002980   Section        0  motors.o(i.myDelay)
    i.smoothData                             0x000029a2   Section        0  adc14.o(i.smoothData)
    i.uart0_init                             0x00002a14   Section        0  uart.o(i.uart0_init)
    i.uart0_put                              0x00002aa0   Section        0  uart.o(i.uart0_put)
    i.uart0_putchar                          0x00002ab8   Section        0  uart.o(i.uart0_putchar)
    locale$$code                             0x00002ad0   Section       44  lc_numeric_c.o(locale$$code)
    x$fpl$d2f                                0x00002afc   Section       98  d2f.o(x$fpl$d2f)
    $v0                                      0x00002afc   Number         0  d2f.o(x$fpl$d2f)
    x$fpl$dadd                               0x00002b60   Section      336  daddsub_clz.o(x$fpl$dadd)
    $v0                                      0x00002b60   Number         0  daddsub_clz.o(x$fpl$dadd)
    _dadd1                                   0x00002b71   Thumb Code     0  daddsub_clz.o(x$fpl$dadd)
    x$fpl$dcmpinf                            0x00002cb0   Section       24  dcmpi.o(x$fpl$dcmpinf)
    $v0                                      0x00002cb0   Number         0  dcmpi.o(x$fpl$dcmpinf)
    x$fpl$ddiv                               0x00002cc8   Section      688  ddiv.o(x$fpl$ddiv)
    $v0                                      0x00002cc8   Number         0  ddiv.o(x$fpl$ddiv)
    ddiv_entry                               0x00002ccf   Thumb Code     0  ddiv.o(x$fpl$ddiv)
    x$fpl$deqf                               0x00002f78   Section      120  deqf.o(x$fpl$deqf)
    $v0                                      0x00002f78   Number         0  deqf.o(x$fpl$deqf)
    x$fpl$dfix                               0x00002ff0   Section       94  dfix.o(x$fpl$dfix)
    $v0                                      0x00002ff0   Number         0  dfix.o(x$fpl$dfix)
    x$fpl$dfixu                              0x00003050   Section       90  dfixu.o(x$fpl$dfixu)
    $v0                                      0x00003050   Number         0  dfixu.o(x$fpl$dfixu)
    x$fpl$dflt                               0x000030aa   Section       46  dflt_clz.o(x$fpl$dflt)
    $v0                                      0x000030aa   Number         0  dflt_clz.o(x$fpl$dflt)
    x$fpl$dfltu                              0x000030d8   Section       38  dflt_clz.o(x$fpl$dfltu)
    $v0                                      0x000030d8   Number         0  dflt_clz.o(x$fpl$dfltu)
    x$fpl$dleqf                              0x00003100   Section      120  dleqf.o(x$fpl$dleqf)
    $v0                                      0x00003100   Number         0  dleqf.o(x$fpl$dleqf)
    x$fpl$dmul                               0x00003178   Section      340  dmul.o(x$fpl$dmul)
    $v0                                      0x00003178   Number         0  dmul.o(x$fpl$dmul)
    x$fpl$dnaninf                            0x000032cc   Section      156  dnaninf.o(x$fpl$dnaninf)
    $v0                                      0x000032cc   Number         0  dnaninf.o(x$fpl$dnaninf)
    x$fpl$dretinf                            0x00003368   Section       12  dretinf.o(x$fpl$dretinf)
    $v0                                      0x00003368   Number         0  dretinf.o(x$fpl$dretinf)
    x$fpl$drleqf                             0x00003374   Section      108  drleqf.o(x$fpl$drleqf)
    $v0                                      0x00003374   Number         0  drleqf.o(x$fpl$drleqf)
    x$fpl$drsb                               0x000033e0   Section       22  daddsub_clz.o(x$fpl$drsb)
    $v0                                      0x000033e0   Number         0  daddsub_clz.o(x$fpl$drsb)
    x$fpl$dsub                               0x000033f8   Section      468  daddsub_clz.o(x$fpl$dsub)
    $v0                                      0x000033f8   Number         0  daddsub_clz.o(x$fpl$dsub)
    _dsub1                                   0x00003409   Thumb Code     0  daddsub_clz.o(x$fpl$dsub)
    x$fpl$f2d                                0x000035cc   Section       86  f2d.o(x$fpl$f2d)
    $v0                                      0x000035cc   Number         0  f2d.o(x$fpl$f2d)
    x$fpl$fnaninf                            0x00003622   Section      140  fnaninf.o(x$fpl$fnaninf)
    $v0                                      0x00003622   Number         0  fnaninf.o(x$fpl$fnaninf)
    x$fpl$fpinit                             0x000036ae   Section       10  fpinit.o(x$fpl$fpinit)
    $v0                                      0x000036ae   Number         0  fpinit.o(x$fpl$fpinit)
    x$fpl$fretinf                            0x000036b8   Section       10  fretinf.o(x$fpl$fretinf)
    $v0                                      0x000036b8   Number         0  fretinf.o(x$fpl$fretinf)
    x$fpl$printf1                            0x000036c2   Section        4  printf1.o(x$fpl$printf1)
    $v0                                      0x000036c2   Number         0  printf1.o(x$fpl$printf1)
    x$fpl$usenofp                            0x000036c6   Section        0  usenofp.o(x$fpl$usenofp)
    .constdata                               0x000036c8   Section      148  bigflt0.o(.constdata)
    tenpwrs_x                                0x000036c8   Data          60  bigflt0.o(.constdata)
    tenpwrs_i                                0x00003704   Data          64  bigflt0.o(.constdata)
    locale$$data                             0x0000377c   Section       28  lc_numeric_c.o(locale$$data)
    __lcnum_c_name                           0x00003780   Data           2  lc_numeric_c.o(locale$$data)
    __lcnum_c_start                          0x00003788   Data           0  lc_numeric_c.o(locale$$data)
    __lcnum_c_point                          0x00003794   Data           0  lc_numeric_c.o(locale$$data)
    __lcnum_c_thousands                      0x00003796   Data           0  lc_numeric_c.o(locale$$data)
    __lcnum_c_grouping                       0x00003797   Data           0  lc_numeric_c.o(locale$$data)
    __lcnum_c_end                            0x00003798   Data           0  lc_numeric_c.o(locale$$data)
    .data                                    0x20000000   Section       25  timer32.o(.data)
    timer1Period                             0x20000010   Data           4  timer32.o(.data)
    timer2Period                             0x20000014   Data           4  timer32.o(.data)
    .data                                    0x2000001a   Section        2  timera.o(.data)
    .data                                    0x2000001c   Section        9  controlpins.o(.data)
    pixelCounter                             0x20000020   Data           4  controlpins.o(.data)
    .data                                    0x20000028   Section       32  main1.o(.data)
    .data                                    0x20000048   Section        8  systicktimer.o(.data)
    .data                                    0x20000050   Section     1528  oled.o(.data)
    .data                                    0x20000648   Section        4  system_msp432p4111.o(.data)
    .bss                                     0x2000064c   Section       20  timera.o(.bss)
    DEFAULT_PERIOD_A0                        0x2000064c   Data          10  timera.o(.bss)
    DEFAULT_PERIOD_A2                        0x20000656   Data          10  timera.o(.bss)
    .bss                                     0x20000660   Section      256  controlpins.o(.bss)
    .bss                                     0x20000760   Section       50  main1.o(.bss)
    .bss                                     0x20000792   Section     3132  oled.o(.bss)
    .bss                                     0x200013d0   Section       96  libspace.o(.bss)
    HEAP                                     0x20001430   Section        0  startup_msp432p4111_uvision.o(HEAP)
    STACK                                    0x20001430   Section      512  startup_msp432p4111_uvision.o(STACK)
    Heap_Mem                                 0x20001430   Data           0  startup_msp432p4111_uvision.o(HEAP)
    Stack_Mem                                0x20001430   Data         512  startup_msp432p4111_uvision.o(STACK)
    __initial_sp                             0x20001630   Data           0  startup_msp432p4111_uvision.o(STACK)

    Global Symbols

    Symbol Name                              Value     Ov Type        Size  Object(Section)

    BuildAttributes$$THM_ISAv4$E$P$D$K$B$S$7EM$VFPi3$EXTD16$VFPS$VFMA$PE$A:L22UL41UL21$X:L11$S22US41US21$IEEE1$IW$USESV6$~STKCKD$USESV7$~SHL$OTIME$ROPI$IEEEJ$EBA8$UX$STANDARDLIB$REQ8$PRES8$EABIv2 0x00000000   Number         0  anon$$obj.o ABSOLUTE
    __ARM_use_no_argv                        0x00000000   Number         0  main1.o ABSOLUTE
    __Vectors                                0x00000000   Data           4  startup_msp432p4111_uvision.o(RESET)
    __ARM_exceptions_init                     - Undefined Weak Reference
    __alloca_initialize                       - Undefined Weak Reference
    __arm_preinit_                            - Undefined Weak Reference
    __cpp_initialize__aeabi_                  - Undefined Weak Reference
    __cxa_finalize                            - Undefined Weak Reference
    __sigvec_lookup                           - Undefined Weak Reference
    __user_heap_extent                        - Undefined Weak Reference
    _atexit_init                              - Undefined Weak Reference
    _call_atexit_fns                          - Undefined Weak Reference
    _clock_init                               - Undefined Weak Reference
    _fp_trap_init                             - Undefined Weak Reference
    _fp_trap_shutdown                         - Undefined Weak Reference
    _get_lc_collate                           - Undefined Weak Reference
    _get_lc_ctype                             - Undefined Weak Reference
    _get_lc_monetary                          - Undefined Weak Reference
    _get_lc_time                              - Undefined Weak Reference
    _getenv_init                              - Undefined Weak Reference
    _handle_redirection                       - Undefined Weak Reference
    _mutex_acquire                            - Undefined Weak Reference
    _mutex_free                               - Undefined Weak Reference
    _mutex_release                            - Undefined Weak Reference
    _printf_mbtowc                            - Undefined Weak Reference
    _printf_post_padding                      - Undefined Weak Reference
    _printf_pre_padding                       - Undefined Weak Reference
    _printf_truncate_signed                   - Undefined Weak Reference
    _printf_truncate_unsigned                 - Undefined Weak Reference
    _rand_init                                - Undefined Weak Reference
    _signal_finish                            - Undefined Weak Reference
    _signal_init                              - Undefined Weak Reference
    __Vectors_End                            0x00000144   Data           0  startup_msp432p4111_uvision.o(RESET)
    __Vectors_Size                           0x00000144   Number         0  startup_msp432p4111_uvision.o ABSOLUTE
    __main                                   0x00000145   Thumb Code     8  __main.o(!!!main)
    __scatterload                            0x0000014d   Thumb Code     0  __scatter.o(!!!scatter)
    __scatterload_rt2                        0x0000014d   Thumb Code    44  __scatter.o(!!!scatter)
    __scatterload_rt2_thumb_only             0x0000014d   Thumb Code     0  __scatter.o(!!!scatter)
    __scatterload_null                       0x0000015b   Thumb Code     0  __scatter.o(!!!scatter)
    __decompress                             0x00000181   Thumb Code    90  __dczerorl2.o(!!dczerorl2)
    __decompress1                            0x00000181   Thumb Code     0  __dczerorl2.o(!!dczerorl2)
    __scatterload_zeroinit                   0x000001dd   Thumb Code    28  __scatter_zi.o(!!handler_zi)
    _printf_f                                0x000001f9   Thumb Code     0  _printf_f.o(.ARM.Collect$$_printf_percent$$00000003)
    _printf_percent                          0x000001f9   Thumb Code     0  _printf_percent.o(.ARM.Collect$$_printf_percent$$00000000)
    _printf_i                                0x000001ff   Thumb Code     0  _printf_i.o(.ARM.Collect$$_printf_percent$$00000008)
    _printf_percent_end                      0x00000205   Thumb Code     0  _printf_percent_end.o(.ARM.Collect$$_printf_percent$$00000017)
    __rt_lib_init                            0x00000209   Thumb Code     0  libinit.o(.ARM.Collect$$libinit$$00000000)
    __rt_lib_init_fp_1                       0x0000020b   Thumb Code     0  libinit2.o(.ARM.Collect$$libinit$$00000001)
    __rt_lib_init_heap_1                     0x0000020f   Thumb Code     0  libinit2.o(.ARM.Collect$$libinit$$0000000A)
    __rt_lib_init_lc_common                  0x0000020f   Thumb Code     0  libinit2.o(.ARM.Collect$$libinit$$0000000F)
    __rt_lib_init_preinit_1                  0x0000020f   Thumb Code     0  libinit2.o(.ARM.Collect$$libinit$$00000004)
    __rt_lib_init_rand_1                     0x0000020f   Thumb Code     0  libinit2.o(.ARM.Collect$$libinit$$0000000E)
    __rt_lib_init_user_alloc_1               0x0000020f   Thumb Code     0  libinit2.o(.ARM.Collect$$libinit$$0000000C)
    __rt_lib_init_lc_collate_1               0x00000215   Thumb Code     0  libinit2.o(.ARM.Collect$$libinit$$00000011)
    __rt_lib_init_lc_ctype_1                 0x00000215   Thumb Code     0  libinit2.o(.ARM.Collect$$libinit$$00000013)
    __rt_lib_init_lc_monetary_1              0x00000215   Thumb Code     0  libinit2.o(.ARM.Collect$$libinit$$00000015)
    __rt_lib_init_lc_numeric_2               0x00000215   Thumb Code     0  libinit2.o(.ARM.Collect$$libinit$$00000016)
    __rt_lib_init_alloca_1                   0x0000021f   Thumb Code     0  libinit2.o(.ARM.Collect$$libinit$$0000002E)
    __rt_lib_init_argv_1                     0x0000021f   Thumb Code     0  libinit2.o(.ARM.Collect$$libinit$$0000002C)
    __rt_lib_init_atexit_1                   0x0000021f   Thumb Code     0  libinit2.o(.ARM.Collect$$libinit$$0000001B)
    __rt_lib_init_clock_1                    0x0000021f   Thumb Code     0  libinit2.o(.ARM.Collect$$libinit$$00000021)
    __rt_lib_init_cpp_1                      0x0000021f   Thumb Code     0  libinit2.o(.ARM.Collect$$libinit$$00000032)
    __rt_lib_init_exceptions_1               0x0000021f   Thumb Code     0  libinit2.o(.ARM.Collect$$libinit$$00000030)
    __rt_lib_init_fp_trap_1                  0x0000021f   Thumb Code     0  libinit2.o(.ARM.Collect$$libinit$$0000001F)
    __rt_lib_init_getenv_1                   0x0000021f   Thumb Code     0  libinit2.o(.ARM.Collect$$libinit$$00000023)
    __rt_lib_init_lc_numeric_1               0x0000021f   Thumb Code     0  libinit2.o(.ARM.Collect$$libinit$$00000017)
    __rt_lib_init_lc_time_1                  0x0000021f   Thumb Code     0  libinit2.o(.ARM.Collect$$libinit$$00000019)
    __rt_lib_init_return                     0x0000021f   Thumb Code     0  libinit2.o(.ARM.Collect$$libinit$$00000033)
    __rt_lib_init_signal_1                   0x0000021f   Thumb Code     0  libinit2.o(.ARM.Collect$$libinit$$0000001D)
    __rt_lib_init_stdio_1                    0x0000021f   Thumb Code     0  libinit2.o(.ARM.Collect$$libinit$$00000025)
    __rt_lib_shutdown                        0x00000221   Thumb Code     0  libshutdown.o(.ARM.Collect$$libshutdown$$00000000)
    __rt_lib_shutdown_cpp_1                  0x00000223   Thumb Code     0  libshutdown2.o(.ARM.Collect$$libshutdown$$00000002)
    __rt_lib_shutdown_fp_trap_1              0x00000223   Thumb Code     0  libshutdown2.o(.ARM.Collect$$libshutdown$$00000007)
    __rt_lib_shutdown_heap_1                 0x00000223   Thumb Code     0  libshutdown2.o(.ARM.Collect$$libshutdown$$0000000F)
    __rt_lib_shutdown_return                 0x00000223   Thumb Code     0  libshutdown2.o(.ARM.Collect$$libshutdown$$00000010)
    __rt_lib_shutdown_signal_1               0x00000223   Thumb Code     0  libshutdown2.o(.ARM.Collect$$libshutdown$$0000000A)
    __rt_lib_shutdown_stdio_1                0x00000223   Thumb Code     0  libshutdown2.o(.ARM.Collect$$libshutdown$$00000004)
    __rt_lib_shutdown_user_alloc_1           0x00000223   Thumb Code     0  libshutdown2.o(.ARM.Collect$$libshutdown$$0000000C)
    __rt_entry                               0x00000225   Thumb Code     0  __rtentry.o(.ARM.Collect$$rtentry$$00000000)
    __rt_entry_presh_1                       0x00000225   Thumb Code     0  __rtentry2.o(.ARM.Collect$$rtentry$$00000002)
    __rt_entry_sh                            0x00000225   Thumb Code     0  __rtentry4.o(.ARM.Collect$$rtentry$$00000004)
    __rt_entry_li                            0x0000022b   Thumb Code     0  __rtentry2.o(.ARM.Collect$$rtentry$$0000000A)
    __rt_entry_postsh_1                      0x0000022b   Thumb Code     0  __rtentry2.o(.ARM.Collect$$rtentry$$00000009)
    __rt_entry_main                          0x0000022f   Thumb Code     0  __rtentry2.o(.ARM.Collect$$rtentry$$0000000D)
    __rt_entry_postli_1                      0x0000022f   Thumb Code     0  __rtentry2.o(.ARM.Collect$$rtentry$$0000000C)
    __rt_exit                                0x00000237   Thumb Code     0  rtexit.o(.ARM.Collect$$rtexit$$00000000)
    __rt_exit_ls                             0x00000239   Thumb Code     0  rtexit2.o(.ARM.Collect$$rtexit$$00000003)
    __rt_exit_prels_1                        0x00000239   Thumb Code     0  rtexit2.o(.ARM.Collect$$rtexit$$00000002)
    __rt_exit_exit                           0x0000023d   Thumb Code     0  rtexit2.o(.ARM.Collect$$rtexit$$00000004)
    DisableInterrupts                        0x00000245   Thumb Code     4  cortexm.o(.emb_text)
    EnableInterrupts                         0x00000249   Thumb Code     4  cortexm.o(.emb_text)
    StartCritical                            0x0000024d   Thumb Code     8  cortexm.o(.emb_text)
    EndCritical                              0x00000255   Thumb Code     6  cortexm.o(.emb_text)
    WaitForInterrupt                         0x0000025b   Thumb Code     4  cortexm.o(.emb_text)
    delay                                    0x0000025f   Thumb Code     6  cortexm.o(.emb_text)
    Reset_Handler                            0x00000265   Thumb Code     8  startup_msp432p4111_uvision.o(.text)
    NMI_Handler                              0x0000026d   Thumb Code     2  startup_msp432p4111_uvision.o(.text)
    HardFault_Handler                        0x0000026f   Thumb Code     2  startup_msp432p4111_uvision.o(.text)
    MemManage_Handler                        0x00000271   Thumb Code     2  startup_msp432p4111_uvision.o(.text)
    BusFault_Handler                         0x00000273   Thumb Code     2  startup_msp432p4111_uvision.o(.text)
    UsageFault_Handler                       0x00000275   Thumb Code     2  startup_msp432p4111_uvision.o(.text)
    SVC_Handler                              0x00000277   Thumb Code     2  startup_msp432p4111_uvision.o(.text)
    DebugMon_Handler                         0x00000279   Thumb Code     2  startup_msp432p4111_uvision.o(.text)
    PendSV_Handler                           0x0000027b   Thumb Code     2  startup_msp432p4111_uvision.o(.text)
    ADC14_IRQHandler                         0x0000027f   Thumb Code     0  startup_msp432p4111_uvision.o(.text)
    AES256_IRQHandler                        0x0000027f   Thumb Code     0  startup_msp432p4111_uvision.o(.text)
    COMP_E0_IRQHandler                       0x0000027f   Thumb Code     0  startup_msp432p4111_uvision.o(.text)
    COMP_E1_IRQHandler                       0x0000027f   Thumb Code     0  startup_msp432p4111_uvision.o(.text)
    CS_IRQHandler                            0x0000027f   Thumb Code     0  startup_msp432p4111_uvision.o(.text)
    DMA_ERR_IRQHandler                       0x0000027f   Thumb Code     0  startup_msp432p4111_uvision.o(.text)
    DMA_INT0_IRQHandler                      0x0000027f   Thumb Code     0  startup_msp432p4111_uvision.o(.text)
    DMA_INT1_IRQHandler                      0x0000027f   Thumb Code     0  startup_msp432p4111_uvision.o(.text)
    DMA_INT2_IRQHandler                      0x0000027f   Thumb Code     0  startup_msp432p4111_uvision.o(.text)
    DMA_INT3_IRQHandler                      0x0000027f   Thumb Code     0  startup_msp432p4111_uvision.o(.text)
    EUSCIA0_IRQHandler                       0x0000027f   Thumb Code     0  startup_msp432p4111_uvision.o(.text)
    EUSCIA1_IRQHandler                       0x0000027f   Thumb Code     0  startup_msp432p4111_uvision.o(.text)
    EUSCIA2_IRQHandler                       0x0000027f   Thumb Code     0  startup_msp432p4111_uvision.o(.text)
    EUSCIA3_IRQHandler                       0x0000027f   Thumb Code     0  startup_msp432p4111_uvision.o(.text)
    EUSCIB0_IRQHandler                       0x0000027f   Thumb Code     0  startup_msp432p4111_uvision.o(.text)
    EUSCIB1_IRQHandler                       0x0000027f   Thumb Code     0  startup_msp432p4111_uvision.o(.text)
    EUSCIB2_IRQHandler                       0x0000027f   Thumb Code     0  startup_msp432p4111_uvision.o(.text)
    EUSCIB3_IRQHandler                       0x0000027f   Thumb Code     0  startup_msp432p4111_uvision.o(.text)
    FLCTL_A_IRQHandler                       0x0000027f   Thumb Code     0  startup_msp432p4111_uvision.o(.text)
    FPU_IRQHandler                           0x0000027f   Thumb Code     0  startup_msp432p4111_uvision.o(.text)
    LCD_F_IRQHandler                         0x0000027f   Thumb Code     0  startup_msp432p4111_uvision.o(.text)
    PCM_IRQHandler                           0x0000027f   Thumb Code     0  startup_msp432p4111_uvision.o(.text)
    PORT1_IRQHandler                         0x0000027f   Thumb Code     0  startup_msp432p4111_uvision.o(.text)
    PORT2_IRQHandler                         0x0000027f   Thumb Code     0  startup_msp432p4111_uvision.o(.text)
    PORT3_IRQHandler                         0x0000027f   Thumb Code     0  startup_msp432p4111_uvision.o(.text)
    PORT4_IRQHandler                         0x0000027f   Thumb Code     0  startup_msp432p4111_uvision.o(.text)
    PORT5_IRQHandler                         0x0000027f   Thumb Code     0  startup_msp432p4111_uvision.o(.text)
    PORT6_IRQHandler                         0x0000027f   Thumb Code     0  startup_msp432p4111_uvision.o(.text)
    PSS_IRQHandler                           0x0000027f   Thumb Code     0  startup_msp432p4111_uvision.o(.text)
    RTC_C_IRQHandler                         0x0000027f   Thumb Code     0  startup_msp432p4111_uvision.o(.text)
    T32_INTC_IRQHandler                      0x0000027f   Thumb Code     0  startup_msp432p4111_uvision.o(.text)
    TA0_0_IRQHandler                         0x0000027f   Thumb Code     0  startup_msp432p4111_uvision.o(.text)
    TA0_N_IRQHandler                         0x0000027f   Thumb Code     0  startup_msp432p4111_uvision.o(.text)
    TA1_0_IRQHandler                         0x0000027f   Thumb Code     0  startup_msp432p4111_uvision.o(.text)
    TA1_N_IRQHandler                         0x0000027f   Thumb Code     0  startup_msp432p4111_uvision.o(.text)
    TA2_0_IRQHandler                         0x0000027f   Thumb Code     0  startup_msp432p4111_uvision.o(.text)
    TA2_N_IRQHandler                         0x0000027f   Thumb Code     0  startup_msp432p4111_uvision.o(.text)
    TA3_0_IRQHandler                         0x0000027f   Thumb Code     0  startup_msp432p4111_uvision.o(.text)
    TA3_N_IRQHandler                         0x0000027f   Thumb Code     0  startup_msp432p4111_uvision.o(.text)
    WDT_A_IRQHandler                         0x0000027f   Thumb Code     0  startup_msp432p4111_uvision.o(.text)
    __user_initial_stackheap                 0x00000281   Thumb Code    10  startup_msp432p4111_uvision.o(.text)
    __2sprintf                               0x000002a1   Thumb Code    34  noretval__2sprintf.o(.text)
    __printf                                 0x000002c9   Thumb Code   104  __printf.o(.text)
    _printf_int_dec                          0x00000331   Thumb Code   104  _printf_dec.o(.text)
    strlen                                   0x000003a9   Thumb Code    62  strlen.o(.text)
    __aeabi_memclr                           0x000003e7   Thumb Code     0  rt_memclr.o(.text)
    __rt_memclr                              0x000003e7   Thumb Code    68  rt_memclr.o(.text)
    _memset                                  0x000003eb   Thumb Code     0  rt_memclr.o(.text)
    __aeabi_memclr4                          0x0000042b   Thumb Code     0  rt_memclr_w.o(.text)
    __aeabi_memclr8                          0x0000042b   Thumb Code     0  rt_memclr_w.o(.text)
    __rt_memclr_w                            0x0000042b   Thumb Code    78  rt_memclr_w.o(.text)
    _memset_w                                0x0000042f   Thumb Code     0  rt_memclr_w.o(.text)
    __use_two_region_memory                  0x00000479   Thumb Code     2  heapauxi.o(.text)
    __rt_heap_escrow                         0x0000047b   Thumb Code     2  heapauxi.o(.text)
    __rt_heap_expand                         0x0000047d   Thumb Code     2  heapauxi.o(.text)
    _printf_int_common                       0x0000047f   Thumb Code   178  _printf_intcommon.o(.text)
    __lib_sel_fp_printf                      0x00000531   Thumb Code     2  _printf_fp_dec.o(.text)
    _printf_fp_dec_real                      0x000006e3   Thumb Code   620  _printf_fp_dec.o(.text)
    _printf_char_common                      0x0000095b   Thumb Code    32  _printf_char_common.o(.text)
    _sputc                                   0x00000981   Thumb Code    10  _sputc.o(.text)
    __rt_locale                              0x0000098d   Thumb Code     8  rt_locale_intlibspace.o(.text)
    _ll_udiv10                               0x00000995   Thumb Code   138  lludiv10.o(.text)
    _printf_fp_infnan                        0x00000a21   Thumb Code   112  _printf_fp_infnan.o(.text)
    _btod_etento                             0x00000aa1   Thumb Code   224  bigflt0.o(.text)
    __user_libspace                          0x00000b85   Thumb Code     8  libspace.o(.text)
    __user_perproc_libspace                  0x00000b85   Thumb Code     0  libspace.o(.text)
    __user_perthread_libspace                0x00000b85   Thumb Code     0  libspace.o(.text)
    __user_setup_stackheap                   0x00000b8d   Thumb Code    74  sys_stackheap_outer.o(.text)
    exit                                     0x00000bd7   Thumb Code    18  exit.o(.text)
    strcmp                                   0x00000be9   Thumb Code   128  strcmpv7m.o(.text)
    __I$use$semihosting                      0x00000c69   Thumb Code     0  use_no_semi.o(.text)
    __use_no_semihosting_swi                 0x00000c69   Thumb Code     2  use_no_semi.o(.text)
    __semihosting_library_function           0x00000c6b   Thumb Code     0  indicate_semi.o(.text)
    _sys_exit                                0x00000c6d   Thumb Code     8  sys_exit.o(.text)
    _btod_d2e                                0x00000c79   Thumb Code    62  btod.o(CL$$btod_d2e)
    _d2e_denorm_low                          0x00000cb7   Thumb Code    70  btod.o(CL$$btod_d2e_denorm_low)
    _d2e_norm_op1                            0x00000cfd   Thumb Code    96  btod.o(CL$$btod_d2e_norm_op1)
    __btod_div_common                        0x00000d5d   Thumb Code   696  btod.o(CL$$btod_div_common)
    _e2e                                     0x00001095   Thumb Code   220  btod.o(CL$$btod_e2e)
    _btod_ediv                               0x00001171   Thumb Code    42  btod.o(CL$$btod_ediv)
    _btod_emul                               0x0000119b   Thumb Code    42  btod.o(CL$$btod_emul)
    __btod_mult_common                       0x000011c5   Thumb Code   580  btod.o(CL$$btod_mult_common)
    ADC0_InitSWTriggerCh6                    0x00001409   Thumb Code   352  adc14.o(i.ADC0_InitSWTriggerCh6)
    ADC_In                                   0x00001579   Thumb Code    48  adc14.o(i.ADC_In)
    CLK_Handler                              0x000015b1   Thumb Code    76  controlpins.o(i.CLK_Handler)
    CalcPeriodFromFrequency                  0x0000160d   Thumb Code    66  timer32.o(i.CalcPeriodFromFrequency)
    Camera_Init                              0x0000165d   Thumb Code    22  main1.o(i.Camera_Init)
    ControlPin_CLK_Init                      0x00001679   Thumb Code    66  controlpins.o(i.ControlPin_CLK_Init)
    ControlPin_SI_Init                       0x000016cd   Thumb Code    64  controlpins.o(i.ControlPin_SI_Init)
    DC_Motor_Enable                          0x0000171d   Thumb Code    24  motors.o(i.DC_Motor_Enable)
    DC_Motor_Init                            0x00001739   Thumb Code    98  motors.o(i.DC_Motor_Init)
    DisableSysTickTimer                      0x000017a1   Thumb Code    38  systicktimer.o(i.DisableSysTickTimer)
    EnableSysTickTimer                       0x000017c7   Thumb Code    38  systicktimer.o(i.EnableSysTickTimer)
    LED1_Init                                0x000017ed   Thumb Code    96  led.o(i.LED1_Init)
    LED1_off                                 0x00001851   Thumb Code    14  led.o(i.LED1_off)
    LED1_on                                  0x00001865   Thumb Code    14  led.o(i.LED1_on)
    LED2_B_on                                0x00001879   Thumb Code    34  led.o(i.LED2_B_on)
    LED2_Init                                0x000018a1   Thumb Code   204  led.o(i.LED2_Init)
    LED2_off                                 0x00001971   Thumb Code    34  led.o(i.LED2_off)
    OLED_DisplayCameraData                   0x00001999   Thumb Code    18  oled.o(i.OLED_DisplayCameraData)
    OLED_Init                                0x000019b1   Thumb Code   278  oled.o(i.OLED_Init)
    OLED_Print                               0x00001ad1   Thumb Code    38  oled.o(i.OLED_Print)
    OLED_display_clear                       0x00001b01   Thumb Code    20  oled.o(i.OLED_display_clear)
    OLED_display_on                          0x00001b19   Thumb Code    10  oled.o(i.OLED_display_on)
    OLED_draw                                0x00001b25   Thumb Code    82  oled.o(i.OLED_draw)
    OLED_draw_line                           0x00001b81   Thumb Code    42  oled.o(i.OLED_draw_line)
    OLED_sendCommand                         0x00001bab   Thumb Code    24  oled.o(i.OLED_sendCommand)
    OLED_sendData                            0x00001bc3   Thumb Code    42  oled.o(i.OLED_sendData)
    OLED_write_display                       0x00001bed   Thumb Code    38  oled.o(i.OLED_write_display)
    SI_Handler                               0x00001c15   Thumb Code    72  controlpins.o(i.SI_Handler)
    Switches_Init                            0x00001c61   Thumb Code   196  switches.o(i.Switches_Init)
    SysTickTimer_Init                        0x00001d29   Thumb Code   108  systicktimer.o(i.SysTickTimer_Init)
    SysTick_Handler                          0x00001d9d   Thumb Code    20  systicktimer.o(i.SysTick_Handler)
    SystemInit                               0x00001db9   Thumb Code   186  system_msp432p4111.o(i.SystemInit)
    T32_INT1_IRQHandler                      0x00001e95   Thumb Code    30  timer32.o(i.T32_INT1_IRQHandler)
    T32_INT2_IRQHandler                      0x00001ec1   Thumb Code    30  timer32.o(i.T32_INT2_IRQHandler)
    TIMER_A0_PWM_Init                        0x00001eed   Thumb Code   278  timera.o(i.TIMER_A0_PWM_Init)
    TIMER_A2_PWM_DutyCycle                   0x00002015   Thumb Code    60  timera.o(i.TIMER_A2_PWM_DutyCycle)
    TIMER_A2_PWM_Init                        0x00002059   Thumb Code   168  timera.o(i.TIMER_A2_PWM_Init)
    Timer32_1_Init                           0x00002111   Thumb Code   110  timer32.o(i.Timer32_1_Init)
    __ARM_fpclassify                         0x00002195   Thumb Code    48  fpclassify.o(i.__ARM_fpclassify)
    __hardfp_floor                           0x000021c9   Thumb Code   252  floor.o(i.__hardfp_floor)
    draw_1d_data                             0x000022e1   Thumb Code   162  oled.o(i.draw_1d_data)
    findMidpoint                             0x00002391   Thumb Code   190  adc14.o(i.findMidpoint)
    i2c0_Init                                0x00002459   Thumb Code   114  i2c.o(i.i2c0_Init)
    i2c0_put                                 0x000024dd   Thumb Code   100  i2c.o(i.i2c0_put)
    main                                     0x0000255d   Thumb Code   852  main1.o(i.main)
    myDelay                                  0x00002981   Thumb Code    34  motors.o(i.myDelay)
    smoothData                               0x000029a3   Thumb Code   114  adc14.o(i.smoothData)
    uart0_init                               0x00002a15   Thumb Code   126  uart.o(i.uart0_init)
    uart0_put                                0x00002aa1   Thumb Code    22  uart.o(i.uart0_put)
    uart0_putchar                            0x00002ab9   Thumb Code    20  uart.o(i.uart0_putchar)
    _get_lc_numeric                          0x00002ad1   Thumb Code    44  lc_numeric_c.o(locale$$code)
    __aeabi_d2f                              0x00002afd   Thumb Code     0  d2f.o(x$fpl$d2f)
    _d2f                                     0x00002afd   Thumb Code    98  d2f.o(x$fpl$d2f)
    __aeabi_dadd                             0x00002b61   Thumb Code     0  daddsub_clz.o(x$fpl$dadd)
    _dadd                                    0x00002b61   Thumb Code   332  daddsub_clz.o(x$fpl$dadd)
    __fpl_dcmp_Inf                           0x00002cb1   Thumb Code    24  dcmpi.o(x$fpl$dcmpinf)
    __aeabi_ddiv                             0x00002cc9   Thumb Code     0  ddiv.o(x$fpl$ddiv)
    _ddiv                                    0x00002cc9   Thumb Code   552  ddiv.o(x$fpl$ddiv)
    __aeabi_cdcmpeq                          0x00002f79   Thumb Code     0  deqf.o(x$fpl$deqf)
    _dcmpeq                                  0x00002f79   Thumb Code   120  deqf.o(x$fpl$deqf)
    __aeabi_d2iz                             0x00002ff1   Thumb Code     0  dfix.o(x$fpl$dfix)
    _dfix                                    0x00002ff1   Thumb Code    94  dfix.o(x$fpl$dfix)
    __aeabi_d2uiz                            0x00003051   Thumb Code     0  dfixu.o(x$fpl$dfixu)
    _dfixu                                   0x00003051   Thumb Code    90  dfixu.o(x$fpl$dfixu)
    __aeabi_i2d                              0x000030ab   Thumb Code     0  dflt_clz.o(x$fpl$dflt)
    _dflt                                    0x000030ab   Thumb Code    46  dflt_clz.o(x$fpl$dflt)
    __aeabi_ui2d                             0x000030d9   Thumb Code     0  dflt_clz.o(x$fpl$dfltu)
    _dfltu                                   0x000030d9   Thumb Code    38  dflt_clz.o(x$fpl$dfltu)
    __aeabi_cdcmple                          0x00003101   Thumb Code     0  dleqf.o(x$fpl$dleqf)
    _dcmple                                  0x00003101   Thumb Code   120  dleqf.o(x$fpl$dleqf)
    __fpl_dcmple_InfNaN                      0x00003163   Thumb Code     0  dleqf.o(x$fpl$dleqf)
    __aeabi_dmul                             0x00003179   Thumb Code     0  dmul.o(x$fpl$dmul)
    _dmul                                    0x00003179   Thumb Code   332  dmul.o(x$fpl$dmul)
    __fpl_dnaninf                            0x000032cd   Thumb Code   156  dnaninf.o(x$fpl$dnaninf)
    __fpl_dretinf                            0x00003369   Thumb Code    12  dretinf.o(x$fpl$dretinf)
    __aeabi_cdrcmple                         0x00003375   Thumb Code     0  drleqf.o(x$fpl$drleqf)
    _drcmple                                 0x00003375   Thumb Code   108  drleqf.o(x$fpl$drleqf)
    __aeabi_drsub                            0x000033e1   Thumb Code     0  daddsub_clz.o(x$fpl$drsb)
    _drsb                                    0x000033e1   Thumb Code    22  daddsub_clz.o(x$fpl$drsb)
    __aeabi_dsub                             0x000033f9   Thumb Code     0  daddsub_clz.o(x$fpl$dsub)
    _dsub                                    0x000033f9   Thumb Code   464  daddsub_clz.o(x$fpl$dsub)
    __aeabi_f2d                              0x000035cd   Thumb Code     0  f2d.o(x$fpl$f2d)
    _f2d                                     0x000035cd   Thumb Code    86  f2d.o(x$fpl$f2d)
    __fpl_fnaninf                            0x00003623   Thumb Code   140  fnaninf.o(x$fpl$fnaninf)
    _fp_init                                 0x000036af   Thumb Code    10  fpinit.o(x$fpl$fpinit)
    __fplib_config_fpu_vfp                   0x000036b7   Thumb Code     0  fpinit.o(x$fpl$fpinit)
    __fplib_config_pureend_doubles           0x000036b7   Thumb Code     0  fpinit.o(x$fpl$fpinit)
    __fpl_fretinf                            0x000036b9   Thumb Code    10  fretinf.o(x$fpl$fretinf)
    _printf_fp_dec                           0x000036c3   Thumb Code     4  printf1.o(x$fpl$printf1)
    __I$use$fp                               0x000036c6   Number         0  usenofp.o(x$fpl$usenofp)
    Region$$Table$$Base                      0x0000375c   Number         0  anon$$obj.o(Region$$Table)
    Region$$Table$$Limit                     0x0000377c   Number         0  anon$$obj.o(Region$$Table)
    systemTimer                              0x20000000   Data           8  timer32.o(.data)
    Timer32_1_PeriodicTask                   0x20000008   Data           4  timer32.o(.data)
    Timer32_2_PeriodicTask                   0x2000000c   Data           4  timer32.o(.data)
    timeOut                                  0x20000018   Data           1  timer32.o(.data)
    dutyCycle                                0x2000001a   Data           2  timera.o(.data)
    tempCounter                              0x2000001c   Data           4  controlpins.o(.data)
    g_sendData                               0x20000024   Data           1  controlpins.o(.data)
    DC_period                                0x20000028   Data           2  main1.o(.data)
    servo_period                             0x2000002a   Data           2  main1.o(.data)
    servo_frequency                          0x2000002c   Data           4  main1.o(.data)
    blackThreshold                           0x20000030   Data           2  main1.o(.data)
    midpoint                                 0x20000034   Data           4  main1.o(.data)
    servo_duty                               0x20000038   Data           8  main1.o(.data)
    servo_pin                                0x20000040   Data           2  main1.o(.data)
    servo_delay                              0x20000044   Data           4  main1.o(.data)
    SysTickPeriodicTask                      0x20000048   Data           4  systicktimer.o(.data)
    g_SysTickTimerCounter                    0x2000004c   Data           4  systicktimer.o(.data)
    DisplayCameraData                        0x20000050   Data           1  oled.o(.data)
    DisplayThreshCameraData                  0x20000051   Data           1  oled.o(.data)
    textIndex                                0x20000054   Data           4  oled.o(.data)
    num_str                                  0x20000058   Data        1520  oled.o(.data)
    SystemCoreClock                          0x20000648   Data           4  system_msp432p4111.o(.data)
    line                                     0x20000660   Data         256  controlpins.o(.bss)
    stringBuffer                             0x20000760   Data          50  main1.o(.bss)
    OLED_clr_data                            0x20000792   Data        1024  oled.o(.bss)
    OLED_TEXT_ARR                            0x20000b92   Data        1024  oled.o(.bss)
    OLED_GRAPH_ARR                           0x20000f92   Data        1024  oled.o(.bss)
    text                                     0x20001392   Data          60  oled.o(.bss)
    __libspace_start                         0x200013d0   Data          96  libspace.o(.bss)
    __temporary_stack_top$libspace           0x20001430   Data           0  libspace.o(.bss)



==============================================================================

Memory Map of the image

  Image Entry point : 0x00000265

  Load Region LR_1 (Base: 0x00000000, Size: 0x00003de4, Max: 0xffffffff, ABSOLUTE, COMPRESSED[0x00003b18])

    Execution Region ER_RO (Exec base: 0x00000000, Load base: 0x00000000, Size: 0x00003798, Max: 0xffffffff, ABSOLUTE)

    Exec Addr    Load Addr    Size         Type   Attr      Idx    E Section Name        Object

    0x00000000   0x00000000   0x00000144   Data   RO          771    RESET               startup_msp432p4111_uvision.o
    0x00000144   0x00000144   0x00000008   Code   RO          863  * !!!main             c_w.l(__main.o)
    0x0000014c   0x0000014c   0x00000034   Code   RO         1316    !!!scatter          c_w.l(__scatter.o)
    0x00000180   0x00000180   0x0000005a   Code   RO         1314    !!dczerorl2         c_w.l(__dczerorl2.o)
    0x000001da   0x000001da   0x00000002   PAD
    0x000001dc   0x000001dc   0x0000001c   Code   RO         1318    !!handler_zi        c_w.l(__scatter_zi.o)
    0x000001f8   0x000001f8   0x00000000   Code   RO          852    .ARM.Collect$$_printf_percent$$00000000  c_w.l(_printf_percent.o)
    0x000001f8   0x000001f8   0x00000006   Code   RO          851    .ARM.Collect$$_printf_percent$$00000003  c_w.l(_printf_f.o)
    0x000001fe   0x000001fe   0x00000006   Code   RO          849    .ARM.Collect$$_printf_percent$$00000008  c_w.l(_printf_i.o)
    0x00000204   0x00000204   0x00000004   Code   RO          918    .ARM.Collect$$_printf_percent$$00000017  c_w.l(_printf_percent_end.o)
    0x00000208   0x00000208   0x00000002   Code   RO         1106    .ARM.Collect$$libinit$$00000000  c_w.l(libinit.o)
    0x0000020a   0x0000020a   0x00000004   Code   RO         1107    .ARM.Collect$$libinit$$00000001  c_w.l(libinit2.o)
    0x0000020e   0x0000020e   0x00000000   Code   RO         1110    .ARM.Collect$$libinit$$00000004  c_w.l(libinit2.o)
    0x0000020e   0x0000020e   0x00000000   Code   RO         1113    .ARM.Collect$$libinit$$0000000A  c_w.l(libinit2.o)
    0x0000020e   0x0000020e   0x00000000   Code   RO         1115    .ARM.Collect$$libinit$$0000000C  c_w.l(libinit2.o)
    0x0000020e   0x0000020e   0x00000000   Code   RO         1117    .ARM.Collect$$libinit$$0000000E  c_w.l(libinit2.o)
    0x0000020e   0x0000020e   0x00000006   Code   RO         1118    .ARM.Collect$$libinit$$0000000F  c_w.l(libinit2.o)
    0x00000214   0x00000214   0x00000000   Code   RO         1120    .ARM.Collect$$libinit$$00000011  c_w.l(libinit2.o)
    0x00000214   0x00000214   0x00000000   Code   RO         1122    .ARM.Collect$$libinit$$00000013  c_w.l(libinit2.o)
    0x00000214   0x00000214   0x00000000   Code   RO         1124    .ARM.Collect$$libinit$$00000015  c_w.l(libinit2.o)
    0x00000214   0x00000214   0x0000000a   Code   RO         1125    .ARM.Collect$$libinit$$00000016  c_w.l(libinit2.o)
    0x0000021e   0x0000021e   0x00000000   Code   RO         1126    .ARM.Collect$$libinit$$00000017  c_w.l(libinit2.o)
    0x0000021e   0x0000021e   0x00000000   Code   RO         1128    .ARM.Collect$$libinit$$00000019  c_w.l(libinit2.o)
    0x0000021e   0x0000021e   0x00000000   Code   RO         1130    .ARM.Collect$$libinit$$0000001B  c_w.l(libinit2.o)
    0x0000021e   0x0000021e   0x00000000   Code   RO         1132    .ARM.Collect$$libinit$$0000001D  c_w.l(libinit2.o)
    0x0000021e   0x0000021e   0x00000000   Code   RO         1134    .ARM.Collect$$libinit$$0000001F  c_w.l(libinit2.o)
    0x0000021e   0x0000021e   0x00000000   Code   RO         1136    .ARM.Collect$$libinit$$00000021  c_w.l(libinit2.o)
    0x0000021e   0x0000021e   0x00000000   Code   RO         1138    .ARM.Collect$$libinit$$00000023  c_w.l(libinit2.o)
    0x0000021e   0x0000021e   0x00000000   Code   RO         1140    .ARM.Collect$$libinit$$00000025  c_w.l(libinit2.o)
    0x0000021e   0x0000021e   0x00000000   Code   RO         1144    .ARM.Collect$$libinit$$0000002C  c_w.l(libinit2.o)
    0x0000021e   0x0000021e   0x00000000   Code   RO         1146    .ARM.Collect$$libinit$$0000002E  c_w.l(libinit2.o)
    0x0000021e   0x0000021e   0x00000000   Code   RO         1148    .ARM.Collect$$libinit$$00000030  c_w.l(libinit2.o)
    0x0000021e   0x0000021e   0x00000000   Code   RO         1150    .ARM.Collect$$libinit$$00000032  c_w.l(libinit2.o)
    0x0000021e   0x0000021e   0x00000002   Code   RO         1151    .ARM.Collect$$libinit$$00000033  c_w.l(libinit2.o)
    0x00000220   0x00000220   0x00000002   Code   RO         1293    .ARM.Collect$$libshutdown$$00000000  c_w.l(libshutdown.o)
    0x00000222   0x00000222   0x00000000   Code   RO         1153    .ARM.Collect$$libshutdown$$00000002  c_w.l(libshutdown2.o)
    0x00000222   0x00000222   0x00000000   Code   RO         1155    .ARM.Collect$$libshutdown$$00000004  c_w.l(libshutdown2.o)
    0x00000222   0x00000222   0x00000000   Code   RO         1158    .ARM.Collect$$libshutdown$$00000007  c_w.l(libshutdown2.o)
    0x00000222   0x00000222   0x00000000   Code   RO         1161    .ARM.Collect$$libshutdown$$0000000A  c_w.l(libshutdown2.o)
    0x00000222   0x00000222   0x00000000   Code   RO         1163    .ARM.Collect$$libshutdown$$0000000C  c_w.l(libshutdown2.o)
    0x00000222   0x00000222   0x00000000   Code   RO         1166    .ARM.Collect$$libshutdown$$0000000F  c_w.l(libshutdown2.o)
    0x00000222   0x00000222   0x00000002   Code   RO         1167    .ARM.Collect$$libshutdown$$00000010  c_w.l(libshutdown2.o)
    0x00000224   0x00000224   0x00000000   Code   RO          905    .ARM.Collect$$rtentry$$00000000  c_w.l(__rtentry.o)
    0x00000224   0x00000224   0x00000000   Code   RO          939    .ARM.Collect$$rtentry$$00000002  c_w.l(__rtentry2.o)
    0x00000224   0x00000224   0x00000006   Code   RO          951    .ARM.Collect$$rtentry$$00000004  c_w.l(__rtentry4.o)
    0x0000022a   0x0000022a   0x00000000   Code   RO          941    .ARM.Collect$$rtentry$$00000009  c_w.l(__rtentry2.o)
    0x0000022a   0x0000022a   0x00000004   Code   RO          942    .ARM.Collect$$rtentry$$0000000A  c_w.l(__rtentry2.o)
    0x0000022e   0x0000022e   0x00000000   Code   RO          944    .ARM.Collect$$rtentry$$0000000C  c_w.l(__rtentry2.o)
    0x0000022e   0x0000022e   0x00000008   Code   RO          945    .ARM.Collect$$rtentry$$0000000D  c_w.l(__rtentry2.o)
    0x00000236   0x00000236   0x00000002   Code   RO         1173    .ARM.Collect$$rtexit$$00000000  c_w.l(rtexit.o)
    0x00000238   0x00000238   0x00000000   Code   RO         1229    .ARM.Collect$$rtexit$$00000002  c_w.l(rtexit2.o)
    0x00000238   0x00000238   0x00000004   Code   RO         1230    .ARM.Collect$$rtexit$$00000003  c_w.l(rtexit2.o)
    0x0000023c   0x0000023c   0x00000006   Code   RO         1231    .ARM.Collect$$rtexit$$00000004  c_w.l(rtexit2.o)
    0x00000242   0x00000242   0x00000002   PAD
    0x00000244   0x00000244   0x00000020   Code   RO          348    .emb_text           cortexm.o
    0x00000264   0x00000264   0x0000003c   Code   RO          772  * .text               startup_msp432p4111_uvision.o
    0x000002a0   0x000002a0   0x00000028   Code   RO          820    .text               c_w.l(noretval__2sprintf.o)
    0x000002c8   0x000002c8   0x00000068   Code   RO          822    .text               c_w.l(__printf.o)
    0x00000330   0x00000330   0x00000078   Code   RO          826    .text               c_w.l(_printf_dec.o)
    0x000003a8   0x000003a8   0x0000003e   Code   RO          853    .text               c_w.l(strlen.o)
    0x000003e6   0x000003e6   0x00000044   Code   RO          857    .text               c_w.l(rt_memclr.o)
    0x0000042a   0x0000042a   0x0000004e   Code   RO          859    .text               c_w.l(rt_memclr_w.o)
    0x00000478   0x00000478   0x00000006   Code   RO          861    .text               c_w.l(heapauxi.o)
    0x0000047e   0x0000047e   0x000000b2   Code   RO          906    .text               c_w.l(_printf_intcommon.o)
    0x00000530   0x00000530   0x0000041e   Code   RO          908    .text               c_w.l(_printf_fp_dec.o)
    0x0000094e   0x0000094e   0x00000002   PAD
    0x00000950   0x00000950   0x00000030   Code   RO          910    .text               c_w.l(_printf_char_common.o)
    0x00000980   0x00000980   0x0000000a   Code   RO          912    .text               c_w.l(_sputc.o)
    0x0000098a   0x0000098a   0x00000002   PAD
    0x0000098c   0x0000098c   0x00000008   Code   RO          956    .text               c_w.l(rt_locale_intlibspace.o)
    0x00000994   0x00000994   0x0000008a   Code   RO          958    .text               c_w.l(lludiv10.o)
    0x00000a1e   0x00000a1e   0x00000002   PAD
    0x00000a20   0x00000a20   0x00000080   Code   RO          960    .text               c_w.l(_printf_fp_infnan.o)
    0x00000aa0   0x00000aa0   0x000000e4   Code   RO          964    .text               c_w.l(bigflt0.o)
    0x00000b84   0x00000b84   0x00000008   Code   RO         1017    .text               c_w.l(libspace.o)
    0x00000b8c   0x00000b8c   0x0000004a   Code   RO         1022    .text               c_w.l(sys_stackheap_outer.o)
    0x00000bd6   0x00000bd6   0x00000012   Code   RO         1093    .text               c_w.l(exit.o)
    0x00000be8   0x00000be8   0x00000080   Code   RO         1099    .text               c_w.l(strcmpv7m.o)
    0x00000c68   0x00000c68   0x00000002   Code   RO         1170    .text               c_w.l(use_no_semi.o)
    0x00000c6a   0x00000c6a   0x00000000   Code   RO         1172    .text               c_w.l(indicate_semi.o)
    0x00000c6a   0x00000c6a   0x00000002   PAD
    0x00000c6c   0x00000c6c   0x0000000c   Code   RO         1226    .text               c_w.l(sys_exit.o)
    0x00000c78   0x00000c78   0x0000003e   Code   RO          967    CL$$btod_d2e        c_w.l(btod.o)
    0x00000cb6   0x00000cb6   0x00000046   Code   RO          969    CL$$btod_d2e_denorm_low  c_w.l(btod.o)
    0x00000cfc   0x00000cfc   0x00000060   Code   RO          968    CL$$btod_d2e_norm_op1  c_w.l(btod.o)
    0x00000d5c   0x00000d5c   0x00000338   Code   RO          977    CL$$btod_div_common  c_w.l(btod.o)
    0x00001094   0x00001094   0x000000dc   Code   RO          974    CL$$btod_e2e        c_w.l(btod.o)
    0x00001170   0x00001170   0x0000002a   Code   RO          971    CL$$btod_ediv       c_w.l(btod.o)
    0x0000119a   0x0000119a   0x0000002a   Code   RO          970    CL$$btod_emul       c_w.l(btod.o)
    0x000011c4   0x000011c4   0x00000244   Code   RO          976    CL$$btod_mult_common  c_w.l(btod.o)
    0x00001408   0x00001408   0x00000170   Code   RO          245    i.ADC0_InitSWTriggerCh6  adc14.o
    0x00001578   0x00001578   0x00000038   Code   RO          246    i.ADC_In            adc14.o
    0x000015b0   0x000015b0   0x0000005c   Code   RO          299    i.CLK_Handler       controlpins.o
    0x0000160c   0x0000160c   0x00000050   Code   RO            4    i.CalcPeriodFromFrequency  timer32.o
    0x0000165c   0x0000165c   0x0000001c   Code   RO          439    i.Camera_Init       main1.o
    0x00001678   0x00001678   0x00000054   Code   RO          300    i.ControlPin_CLK_Init  controlpins.o
    0x000016cc   0x000016cc   0x00000050   Code   RO          301    i.ControlPin_SI_Init  controlpins.o
    0x0000171c   0x0000171c   0x0000001c   Code   RO          486    i.DC_Motor_Enable   motors.o
    0x00001738   0x00001738   0x00000068   Code   RO          487    i.DC_Motor_Init     motors.o
    0x000017a0   0x000017a0   0x00000026   Code   RO          576    i.DisableSysTickTimer  systicktimer.o
    0x000017c6   0x000017c6   0x00000026   Code   RO          577    i.EnableSysTickTimer  systicktimer.o
    0x000017ec   0x000017ec   0x00000064   Code   RO          367    i.LED1_Init         led.o
    0x00001850   0x00001850   0x00000014   Code   RO          368    i.LED1_off          led.o
    0x00001864   0x00001864   0x00000014   Code   RO          369    i.LED1_on           led.o
    0x00001878   0x00001878   0x00000028   Code   RO          370    i.LED2_B_on         led.o
    0x000018a0   0x000018a0   0x000000d0   Code   RO          372    i.LED2_Init         led.o
    0x00001970   0x00001970   0x00000028   Code   RO          375    i.LED2_off          led.o
    0x00001998   0x00001998   0x00000018   Code   RO          657    i.OLED_DisplayCameraData  oled.o
    0x000019b0   0x000019b0   0x00000120   Code   RO          658    i.OLED_Init         oled.o
    0x00001ad0   0x00001ad0   0x00000030   Code   RO          659    i.OLED_Print        oled.o
    0x00001b00   0x00001b00   0x00000018   Code   RO          661    i.OLED_display_clear  oled.o
    0x00001b18   0x00001b18   0x0000000a   Code   RO          663    i.OLED_display_on   oled.o
    0x00001b22   0x00001b22   0x00000002   PAD
    0x00001b24   0x00001b24   0x0000005c   Code   RO          664    i.OLED_draw         oled.o
    0x00001b80   0x00001b80   0x0000002a   Code   RO          665    i.OLED_draw_line    oled.o
    0x00001baa   0x00001baa   0x00000018   Code   RO          666    i.OLED_sendCommand  oled.o
    0x00001bc2   0x00001bc2   0x0000002a   Code   RO          667    i.OLED_sendData     oled.o
    0x00001bec   0x00001bec   0x00000026   Code   RO          668    i.OLED_write_display  oled.o
    0x00001c12   0x00001c12   0x00000002   PAD
    0x00001c14   0x00001c14   0x0000004c   Code   RO          302    i.SI_Handler        controlpins.o
    0x00001c60   0x00001c60   0x000000c8   Code   RO          532    i.Switches_Init     switches.o
    0x00001d28   0x00001d28   0x00000074   Code   RO          578    i.SysTickTimer_Init  systicktimer.o
    0x00001d9c   0x00001d9c   0x0000001c   Code   RO          579    i.SysTick_Handler   systicktimer.o
    0x00001db8   0x00001db8   0x000000dc   Code   RO          780    i.SystemInit        system_msp432p4111.o
    0x00001e94   0x00001e94   0x0000002c   Code   RO            6    i.T32_INT1_IRQHandler  timer32.o
    0x00001ec0   0x00001ec0   0x0000002c   Code   RO            7    i.T32_INT2_IRQHandler  timer32.o
    0x00001eec   0x00001eec   0x00000128   Code   RO          106    i.TIMER_A0_PWM_Init  timera.o
    0x00002014   0x00002014   0x00000044   Code   RO          107    i.TIMER_A2_PWM_DutyCycle  timera.o
    0x00002058   0x00002058   0x000000b8   Code   RO          108    i.TIMER_A2_PWM_Init  timera.o
    0x00002110   0x00002110   0x00000084   Code   RO            8    i.Timer32_1_Init    timer32.o
    0x00002194   0x00002194   0x00000030   Code   RO         1010    i.__ARM_fpclassify  m_wm.l(fpclassify.o)
    0x000021c4   0x000021c4   0x00000004   PAD
    0x000021c8   0x000021c8   0x00000118   Code   RO          899    i.__hardfp_floor    m_wm.l(floor.o)
    0x000022e0   0x000022e0   0x000000b0   Code   RO          669    i.draw_1d_data      oled.o
    0x00002390   0x00002390   0x000000c8   Code   RO          247    i.findMidpoint      adc14.o
    0x00002458   0x00002458   0x00000084   Code   RO          621    i.i2c0_Init         i2c.o
    0x000024dc   0x000024dc   0x00000068   Code   RO          622    i.i2c0_put          i2c.o
    0x00002544   0x00002544   0x00000018   Code   RO          623    i.i2c0_putchar      i2c.o
    0x0000255c   0x0000255c   0x00000424   Code   RO          440    i.main              main1.o
    0x00002980   0x00002980   0x00000022   Code   RO          488    i.myDelay           motors.o
    0x000029a2   0x000029a2   0x00000072   Code   RO          249    i.smoothData        adc14.o
    0x00002a14   0x00002a14   0x0000008c   Code   RO          164    i.uart0_init        uart.o
    0x00002aa0   0x00002aa0   0x00000016   Code   RO          165    i.uart0_put         uart.o
    0x00002ab6   0x00002ab6   0x00000002   PAD
    0x00002ab8   0x00002ab8   0x00000018   Code   RO          166    i.uart0_putchar     uart.o
    0x00002ad0   0x00002ad0   0x0000002c   Code   RO         1004    locale$$code        c_w.l(lc_numeric_c.o)
    0x00002afc   0x00002afc   0x00000062   Code   RO          865    x$fpl$d2f           fz_wm.l(d2f.o)
    0x00002b5e   0x00002b5e   0x00000002   PAD
    0x00002b60   0x00002b60   0x00000150   Code   RO          867    x$fpl$dadd          fz_wm.l(daddsub_clz.o)
    0x00002cb0   0x00002cb0   0x00000018   Code   RO          925    x$fpl$dcmpinf       fz_wm.l(dcmpi.o)
    0x00002cc8   0x00002cc8   0x000002b0   Code   RO          874    x$fpl$ddiv          fz_wm.l(ddiv.o)
    0x00002f78   0x00002f78   0x00000078   Code   RO          877    x$fpl$deqf          fz_wm.l(deqf.o)
    0x00002ff0   0x00002ff0   0x0000005e   Code   RO          879    x$fpl$dfix          fz_wm.l(dfix.o)
    0x0000304e   0x0000304e   0x00000002   PAD
    0x00003050   0x00003050   0x0000005a   Code   RO          883    x$fpl$dfixu         fz_wm.l(dfixu.o)
    0x000030aa   0x000030aa   0x0000002e   Code   RO          888    x$fpl$dflt          fz_wm.l(dflt_clz.o)
    0x000030d8   0x000030d8   0x00000026   Code   RO          887    x$fpl$dfltu         fz_wm.l(dflt_clz.o)
    0x000030fe   0x000030fe   0x00000002   PAD
    0x00003100   0x00003100   0x00000078   Code   RO         1006    x$fpl$dleqf         fz_wm.l(dleqf.o)
    0x00003178   0x00003178   0x00000154   Code   RO          893    x$fpl$dmul          fz_wm.l(dmul.o)
    0x000032cc   0x000032cc   0x0000009c   Code   RO          927    x$fpl$dnaninf       fz_wm.l(dnaninf.o)
    0x00003368   0x00003368   0x0000000c   Code   RO          929    x$fpl$dretinf       fz_wm.l(dretinf.o)
    0x00003374   0x00003374   0x0000006c   Code   RO          931    x$fpl$drleqf        fz_wm.l(drleqf.o)
    0x000033e0   0x000033e0   0x00000016   Code   RO          868    x$fpl$drsb          fz_wm.l(daddsub_clz.o)
    0x000033f6   0x000033f6   0x00000002   PAD
    0x000033f8   0x000033f8   0x000001d4   Code   RO          869    x$fpl$dsub          fz_wm.l(daddsub_clz.o)
    0x000035cc   0x000035cc   0x00000056   Code   RO          895    x$fpl$f2d           fz_wm.l(f2d.o)
    0x00003622   0x00003622   0x0000008c   Code   RO          933    x$fpl$fnaninf       fz_wm.l(fnaninf.o)
    0x000036ae   0x000036ae   0x0000000a   Code   RO         1224    x$fpl$fpinit        fz_wm.l(fpinit.o)
    0x000036b8   0x000036b8   0x0000000a   Code   RO          935    x$fpl$fretinf       fz_wm.l(fretinf.o)
    0x000036c2   0x000036c2   0x00000004   Code   RO          897    x$fpl$printf1       fz_wm.l(printf1.o)
    0x000036c6   0x000036c6   0x00000000   Code   RO          937    x$fpl$usenofp       fz_wm.l(usenofp.o)
    0x000036c6   0x000036c6   0x00000002   PAD
    0x000036c8   0x000036c8   0x00000094   Data   RO          965    .constdata          c_w.l(bigflt0.o)
    0x0000375c   0x0000375c   0x00000020   Data   RO         1312    Region$$Table       anon$$obj.o
    0x0000377c   0x0000377c   0x0000001c   Data   RO         1003    locale$$data        c_w.l(lc_numeric_c.o)


    Execution Region ER_RW (Exec base: 0x20000000, Load base: 0x00003798, Size: 0x0000064c, Max: 0xffffffff, ABSOLUTE, COMPRESSED[0x00000380])

    Exec Addr    Load Addr    Size         Type   Attr      Idx    E Section Name        Object

    0x20000000   COMPRESSED   0x00000019   Data   RW           10    .data               timer32.o
    0x20000019   COMPRESSED   0x00000001   PAD
    0x2000001a   COMPRESSED   0x00000002   Data   RW          110    .data               timera.o
    0x2000001c   COMPRESSED   0x00000009   Data   RW          304    .data               controlpins.o
    0x20000025   COMPRESSED   0x00000003   PAD
    0x20000028   COMPRESSED   0x00000020   Data   RW          442    .data               main1.o
    0x20000048   COMPRESSED   0x00000008   Data   RW          580    .data               systicktimer.o
    0x20000050   COMPRESSED   0x000005f8   Data   RW          671    .data               oled.o
    0x20000648   COMPRESSED   0x00000004   Data   RW          781    .data               system_msp432p4111.o


    Execution Region ER_ZI (Exec base: 0x2000064c, Load base: 0x00003b18, Size: 0x00000fe4, Max: 0xffffffff, ABSOLUTE)

    Exec Addr    Load Addr    Size         Type   Attr      Idx    E Section Name        Object

    0x2000064c        -       0x00000014   Zero   RW          109    .bss                timera.o
    0x20000660        -       0x00000100   Zero   RW          303    .bss                controlpins.o
    0x20000760        -       0x00000032   Zero   RW          441    .bss                main1.o
    0x20000792        -       0x00000c3c   Zero   RW          670    .bss                oled.o
    0x200013ce   0x00003b18   0x00000002   PAD
    0x200013d0        -       0x00000060   Zero   RW         1018    .bss                c_w.l(libspace.o)
    0x20001430        -       0x00000000   Zero   RW          770    HEAP                startup_msp432p4111_uvision.o
    0x20001430        -       0x00000200   Zero   RW          769    STACK               startup_msp432p4111_uvision.o


==============================================================================

Image component sizes


      Code (inc. data)   RO Data    RW Data    ZI Data      Debug   Object Name

       738         34          0          0          0       3285   adc14.o
       332         54          0          9        256       2832   controlpins.o
        32          0          0          0          0        556   cortexm.o
       260         26          0          0          0       1839   i2c.o
       428         32          0          0          0       2480   led.o
      1088        214          0         32         50       3126   main1.o
       166         10          0          0          0       1364   motors.o
       808         54          0       1528       3132       7207   oled.o
        60         22        324          0        512        900   startup_msp432p4111_uvision.o
       200          4          0          0          0        472   switches.o
       220         34          0          4          0        779   system_msp432p4111.o
       220         16          0          8          0       2601   systicktimer.o
       300         64          0         25          0      11267   timer32.o
       548         42          0          2         20       2893   timera.o
       186         18          0          0          0       1401   uart.o

    ----------------------------------------------------------------------
      5592        624        356       1612       3972      43002   Object Totals
         0          0         32          0          0          0   (incl. Generated)
         6          0          0          4          2          0   (incl. Padding)

    ----------------------------------------------------------------------

      Code (inc. data)   RO Data    RW Data    ZI Data      Debug   Library Member Name

        90          0          0          0          0          0   __dczerorl2.o
         8          0          0          0          0         68   __main.o
       104          0          0          0          0         84   __printf.o
         0          0          0          0          0          0   __rtentry.o
        12          0          0          0          0          0   __rtentry2.o
         6          0          0          0          0          0   __rtentry4.o
        52          8          0          0          0          0   __scatter.o
        28          0          0          0          0          0   __scatter_zi.o
        48          6          0          0          0         96   _printf_char_common.o
       120         16          0          0          0         92   _printf_dec.o
         6          0          0          0          0          0   _printf_f.o
      1054          0          0          0          0        216   _printf_fp_dec.o
       128         16          0          0          0         84   _printf_fp_infnan.o
         6          0          0          0          0          0   _printf_i.o
       178          0          0          0          0         88   _printf_intcommon.o
         0          0          0          0          0          0   _printf_percent.o
         4          0          0          0          0          0   _printf_percent_end.o
        10          0          0          0          0         68   _sputc.o
       228          4        148          0          0         96   bigflt0.o
      1936        128          0          0          0        672   btod.o
        18          0          0          0          0         80   exit.o
         6          0          0          0          0        152   heapauxi.o
         0          0          0          0          0          0   indicate_semi.o
        44         10         28          0          0         76   lc_numeric_c.o
         2          0          0          0          0          0   libinit.o
        22          0          0          0          0          0   libinit2.o
         2          0          0          0          0          0   libshutdown.o
         2          0          0          0          0          0   libshutdown2.o
         8          4          0          0         96         68   libspace.o
       138          0          0          0          0         80   lludiv10.o
        40          6          0          0          0         84   noretval__2sprintf.o
         8          4          0          0          0         68   rt_locale_intlibspace.o
        68          0          0          0          0         68   rt_memclr.o
        78          0          0          0          0         80   rt_memclr_w.o
         2          0          0          0          0          0   rtexit.o
        10          0          0          0          0          0   rtexit2.o
       128          0          0          0          0         68   strcmpv7m.o
        62          0          0          0          0         76   strlen.o
        12          4          0          0          0         68   sys_exit.o
        74          0          0          0          0         80   sys_stackheap_outer.o
         2          0          0          0          0         68   use_no_semi.o
        98          4          0          0          0        140   d2f.o
       826         16          0          0          0        492   daddsub_clz.o
        24          0          0          0          0        116   dcmpi.o
       688        140          0          0          0        256   ddiv.o
       120          4          0          0          0        140   deqf.o
        94          4          0          0          0        140   dfix.o
        90          4          0          0          0        140   dfixu.o
        84          0          0          0          0        232   dflt_clz.o
       120          4          0          0          0        140   dleqf.o
       340         12          0          0          0        152   dmul.o
       156          4          0          0          0        140   dnaninf.o
        12          0          0          0          0        116   dretinf.o
       108          0          0          0          0        128   drleqf.o
        86          4          0          0          0        132   f2d.o
       140          4          0          0          0        132   fnaninf.o
        10          0          0          0          0        116   fpinit.o
        10          0          0          0          0        116   fretinf.o
         4          0          0          0          0        116   printf1.o
         0          0          0          0          0          0   usenofp.o
       280         28          0          0          0        156   floor.o
        48          0          0          0          0        124   fpclassify.o

    ----------------------------------------------------------------------
      8108        434        176          0         96       5904   Library Totals
        26          0          0          0          0          0   (incl. Padding)

    ----------------------------------------------------------------------

      Code (inc. data)   RO Data    RW Data    ZI Data      Debug   Library Name

      4744        206        176          0         96       2680   c_w.l
      3010        200          0          0          0       2944   fz_wm.l
       328         28          0          0          0        280   m_wm.l

    ----------------------------------------------------------------------
      8108        434        176          0         96       5904   Library Totals

    ----------------------------------------------------------------------

==============================================================================


      Code (inc. data)   RO Data    RW Data    ZI Data      Debug   

     13700       1058        532       1612       4068      40650   Grand Totals
     13700       1058        532        896       4068      40650   ELF Image Totals (compressed)
     13700       1058        532        896          0          0   ROM Totals

==============================================================================

    Total RO  Size (Code + RO Data)                14232 (  13.90kB)
    Total RW  Size (RW Data + ZI Data)              5680 (   5.55kB)
    Total ROM Size (Code + RO Data + RW Data)      15128 (  14.77kB)

==============================================================================

