Component: ARM Compiler 5.06 update 6 (build 750) Tool: armlink [4d35ed]

==============================================================================

Section Cross References

    adc14.o(i.findMidpoint) refers to dflt_clz.o(x$fpl$dfltu) for __aeabi_ui2d
    adc14.o(i.findMidpoint) refers to dmul.o(x$fpl$dmul) for __aeabi_dmul
    adc14.o(i.findMidpoint) refers to dfixu.o(x$fpl$dfixu) for __aeabi_d2uiz
    adc14.o(i.findMidpoint) refers to adc14.o(i.smoothData) for smoothData
    adc14.o(i.printBinAverages) refers to _printf_percent.o(.ARM.Collect$$_printf_percent$$00000000) for _printf_percent
    adc14.o(i.printBinAverages) refers to _printf_u.o(.ARM.Collect$$_printf_percent$$0000000A) for _printf_u
    adc14.o(i.printBinAverages) refers to _printf_dec.o(.text) for _printf_int_dec
    adc14.o(i.printBinAverages) refers to _printf_s.o(.ARM.Collect$$_printf_percent$$00000014) for _printf_s
    adc14.o(i.printBinAverages) refers to _printf_str.o(.text) for _printf_str
    adc14.o(i.printBinAverages) refers to rt_memclr_w.o(.text) for __aeabi_memclr4
    adc14.o(i.printBinAverages) refers to noretval__2sprintf.o(.text) for __2sprintf
    adc14.o(i.printBinAverages) refers to strcat.o(.text) for strcat
    adc14.o(i.printBinAverages) refers to noretval__2printf.o(.text) for __2printf
    controlpins.o(i.CLK_Handler) refers to adc14.o(i.ADC_In) for ADC_In
    controlpins.o(i.CLK_Handler) refers to systicktimer.o(i.DisableSysTickTimer) for DisableSysTickTimer
    controlpins.o(i.CLK_Handler) refers to controlpins.o(.bss) for line
    controlpins.o(i.CLK_Handler) refers to controlpins.o(.data) for pixelCounter
    controlpins.o(i.ControlPin_CLK_Init) refers to timer32.o(i.CalcPeriodFromFrequency) for CalcPeriodFromFrequency
    controlpins.o(i.ControlPin_CLK_Init) refers to systicktimer.o(i.SysTickTimer_Init) for SysTickTimer_Init
    controlpins.o(i.ControlPin_CLK_Init) refers to systicktimer.o(i.DisableSysTickTimer) for DisableSysTickTimer
    controlpins.o(i.ControlPin_CLK_Init) refers to controlpins.o(i.CLK_Handler) for CLK_Handler
    controlpins.o(i.ControlPin_SI_Init) refers to timer32.o(i.CalcPeriodFromFrequency) for CalcPeriodFromFrequency
    controlpins.o(i.ControlPin_SI_Init) refers to timer32.o(i.Timer32_1_Init) for Timer32_1_Init
    controlpins.o(i.ControlPin_SI_Init) refers to controlpins.o(i.SI_Handler) for SI_Handler
    controlpins.o(i.SI_Handler) refers to systicktimer.o(i.EnableSysTickTimer) for EnableSysTickTimer
    cortexm.o(i.Clock_Delay1ms) refers to cortexm.o(.emb_text) for delay
    main1.o(i.Camera_Init) refers to controlpins.o(i.ControlPin_SI_Init) for ControlPin_SI_Init
    main1.o(i.Camera_Init) refers to controlpins.o(i.ControlPin_CLK_Init) for ControlPin_CLK_Init
    main1.o(i.Camera_Init) refers to adc14.o(i.ADC0_InitSWTriggerCh6) for ADC0_InitSWTriggerCh6
    main1.o(i.Camera_Init) refers to controlpins.o(.data) for g_sendData
    main1.o(i.main) refers to _printf_percent.o(.ARM.Collect$$_printf_percent$$00000000) for _printf_percent
    main1.o(i.main) refers to _printf_i.o(.ARM.Collect$$_printf_percent$$00000008) for _printf_i
    main1.o(i.main) refers to _printf_dec.o(.text) for _printf_int_dec
    main1.o(i.main) refers to cortexm.o(.emb_text) for DisableInterrupts
    main1.o(i.main) refers to uart.o(i.uart0_init) for uart0_init
    main1.o(i.main) refers to uart.o(i.uart0_put) for uart0_put
    main1.o(i.main) refers to uart.o(i.uart2_init) for uart2_init
    main1.o(i.main) refers to led.o(i.LED1_Init) for LED1_Init
    main1.o(i.main) refers to led.o(i.LED1_on) for LED1_on
    main1.o(i.main) refers to led.o(i.LED2_Init) for LED2_Init
    main1.o(i.main) refers to switches.o(i.Switches_Init) for Switches_Init
    main1.o(i.main) refers to timera.o(i.TIMER_A0_PWM_Init) for TIMER_A0_PWM_Init
    main1.o(i.main) refers to timera.o(i.TIMER_A2_PWM_Init) for TIMER_A2_PWM_Init
    main1.o(i.main) refers to main1.o(i.Camera_Init) for Camera_Init
    main1.o(i.main) refers to timera.o(i.TIMER_A0_PWM_DutyCycle) for TIMER_A0_PWM_DutyCycle
    main1.o(i.main) refers to adc14.o(i.findMidpoint) for findMidpoint
    main1.o(i.main) refers to noretval__2sprintf.o(.text) for __2sprintf
    main1.o(i.main) refers to adc14.o(i.printBinAverages) for printBinAverages
    main1.o(i.main) refers to motors.o(i.myDelay) for myDelay
    main1.o(i.main) refers to system_msp432p4111.o(.data) for SystemCoreClock
    main1.o(i.main) refers to main1.o(.data) for DC_period
    main1.o(i.main) refers to controlpins.o(.data) for g_sendData
    main1.o(i.main) refers to controlpins.o(.bss) for line
    main1.o(i.main) refers to main1.o(.bss) for stringBuffer
    systicktimer.o(i.SysTickTimer_Init) refers to cortexm.o(.emb_text) for StartCritical
    systicktimer.o(i.SysTickTimer_Init) refers to systicktimer.o(.data) for SysTickPeriodicTask
    systicktimer.o(i.SysTick_Handler) refers to systicktimer.o(.data) for g_SysTickTimerCounter
[...]
    ../clib/assert.c                         0x00000000   Number         0  assert_stdio.o ABSOLUTE
    ../clib/heap1.c                          0x00000000   Number         0  h1_final.o ABSOLUTE
    ../clib/heap1.c                          0x00000000   Number         0  h1_extend_mt.o ABSOLUTE
    ../clib/heap1.c                          0x00000000   Number         0  h1_init_mt.o ABSOLUTE
    ../clib/heap1.c                          0x00000000   Number         0  h1_extend.o ABSOLUTE
    ../clib/heap1.c                          0x00000000   Number         0  h1_init.o ABSOLUTE
    ../clib/heap1.c                          0x00000000   Number         0  h1_free.o ABSOLUTE
    ../clib/heap1.c                          0x00000000   Number         0  h1_free_mt.o ABSOLUTE
    ../clib/heap1.c                          0x00000000   Number         0  h1_alloc_mt.o ABSOLUTE
    ../clib/heap1.c                          0x00000000   Number         0  h1_alloc.o ABSOLUTE
    ../clib/heap1.c                          0x00000000   Number         0  h1_final_mt.o ABSOLUTE
    ../clib/heap2.c                          0x00000000   Number         0  heap2mt.o ABSOLUTE
    ../clib/heap2.c                          0x00000000   Number         0  heap2.o ABSOLUTE
    ../clib/heap2.c                          0x00000000   Number         0  fdtree.o ABSOLUTE
    ../clib/heapalloc.c                      0x00000000   Number         0  maybetermalloc1.o ABSOLUTE
    ../clib/heapalloc.c                      0x00000000   Number         0  maybetermalloc2.o ABSOLUTE
    ../clib/heapalloc.c                      0x00000000   Number         0  term_alloc.o ABSOLUTE
    ../clib/heapalloc.c                      0x00000000   Number         0  maybetermalloc2.o ABSOLUTE
    ../clib/heapalloc.c                      0x00000000   Number         0  heapstubs.o ABSOLUTE
    ../clib/heapalloc.c                      0x00000000   Number         0  malloc.o ABSOLUTE
    ../clib/heapalloc.c                      0x00000000   Number         0  init_alloc.o ABSOLUTE
    ../clib/heapalloc.c                      0x00000000   Number         0  hguard.o ABSOLUTE
    ../clib/heapalloc.c                      0x00000000   Number         0  free.o ABSOLUTE
    ../clib/heapalloc.c                      0x00000000   Number         0  maybetermalloc1.o ABSOLUTE
    ../clib/heapalloc.c                      0x00000000   Number         0  hrguard.o ABSOLUTE
    ../clib/heapaux.c                        0x00000000   Number         0  heapauxi.o ABSOLUTE
    ../clib/heapaux.c                        0x00000000   Number         0  heapauxa.o ABSOLUTE
    ../clib/libinit.s                        0x00000000   Number         0  libinit.o ABSOLUTE
    ../clib/libinit.s                        0x00000000   Number         0  libinit2.o ABSOLUTE
    ../clib/libinit.s                        0x00000000   Number         0  libshutdown2.o ABSOLUTE
    ../clib/libinit.s                        0x00000000   Number         0  libshutdown.o ABSOLUTE
    ../clib/memcpset.s                       0x00000000   Number         0  rt_memclr_w.o ABSOLUTE
    ../clib/memcpset.s                       0x00000000   Number         0  rt_memcpy_v6.o ABSOLUTE
    ../clib/memcpset.s                       0x00000000   Number         0  rt_memcpy_w.o ABSOLUTE
    ../clib/printf.c                         0x00000000   Number         0  __printf_flags_ss_wp.o ABSOLUTE
    ../clib/printf.c                         0x00000000   Number         0  _printf_char_file_locked.o ABSOLUTE
    ../clib/printf.c                         0x00000000   Number         0  _printf_intcommon.o ABSOLUTE
    ../clib/printf.c                         0x00000000   Number         0  _printf_char_common.o ABSOLUTE
    ../clib/printf.c                         0x00000000   Number         0  _sputc.o ABSOLUTE
    ../clib/printf.c                         0x00000000   Number         0  _printf_char.o ABSOLUTE
    ../clib/printf.c                         0x00000000   Number         0  _printf_char_file.o ABSOLUTE
    ../clib/printf.c                         0x00000000   Number         0  __printf_nopercent.o ABSOLUTE
    ../clib/printf.c                         0x00000000   Number         0  __printf.o ABSOLUTE
    ../clib/printf.c                         0x00000000   Number         0  __2printf.o ABSOLUTE
    ../clib/printf.c                         0x00000000   Number         0  __2sprintf.o ABSOLUTE
    ../clib/printf.c                         0x00000000   Number         0  noretval__2printf.o ABSOLUTE
    ../clib/printf.c                         0x00000000   Number         0  noretval__2sprintf.o ABSOLUTE
    ../clib/printf.c                         0x00000000   Number         0  _printf_str.o ABSOLUTE
    ../clib/printf.c                         0x00000000   Number         0  _printf_dec.o ABSOLUTE
    ../clib/printf.c                         0x00000000   Number         0  __printf_flags.o ABSOLUTE
    ../clib/printf.c                         0x00000000   Number         0  __printf_ss.o ABSOLUTE
    ../clib/printf.c                         0x00000000   Number         0  __printf_flags_ss.o ABSOLUTE
    ../clib/printf.c                         0x00000000   Number         0  __printf_wp.o ABSOLUTE
    ../clib/printf.c                         0x00000000   Number         0  __printf_flags_wp.o ABSOLUTE
    ../clib/printf.c                         0x00000000   Number         0  __printf_ss_wp.o ABSOLUTE
    ../clib/printf_percent.s                 0x00000000   Number         0  _printf_percent_end.o ABSOLUTE
    ../clib/printf_percent.s                 0x00000000   Number         0  _printf_s.o ABSOLUTE
    ../clib/printf_percent.s                 0x00000000   Number         0  _printf_i.o ABSOLUTE
    ../clib/printf_percent.s                 0x00000000   Number         0  _printf_u.o ABSOLUTE
    ../clib/printf_percent.s                 0x00000000   Number         0  _printf_percent.o ABSOLUTE
    ../clib/signal.c                         0x00000000   Number         0  defsig_stak_inner.o ABSOLUTE
    ../clib/signal.c                         0x00000000   Number         0  defsig_segv_inner.o ABSOLUTE
    ../clib/signal.c                         0x00000000   Number         0  defsig_exit.o ABSOLUTE
    ../clib/signal.c                         0x00000000   Number         0  defsig_rtmem_formal.o ABSOLUTE
    ../clib/signal.c                         0x00000000   Number         0  defsig_cppl_inner.o ABSOLUTE
    ../clib/signal.c                         0x00000000   Number         0  __raise.o ABSOLUTE
    ../clib/signal.c                         0x00000000   Number         0  defsig_rtmem_inner.o ABSOLUTE
    ../clib/signal.c                         0x00000000   Number         0  defsig_other.o ABSOLUTE
    ../clib/signal.c                         0x00000000   Number         0  defsig_general.o ABSOLUTE
    ../clib/signal.c                         0x00000000   Number         0  defsig_pvfn_inner.o ABSOLUTE
    ../clib/signal.c                         0x00000000   Number         0  defsig_rtmem_outer.o ABSOLUTE
    ../clib/signal.c                         0x00000000   Number         0  defsig_rtred_inner.o ABSOLUTE
    ../clib/signal.c                         0x00000000   Number         0  defsig_fpe_inner.o ABSOLUTE
    ../clib/signal.c                         0x00000000   Number         0  defsig_abrt_inner.o ABSOLUTE
    ../clib/signal.c                         0x00000000   Number         0  defsig_rtred_formal.o ABSOLUTE
    ../clib/signal.c                         0x00000000   Number         0  defsig_rtred_outer.o ABSOLUTE
    ../clib/signal.s                         0x00000000   Number         0  defsig.o ABSOLUTE
    ../clib/stdio.c                          0x00000000   Number         0  setvbuf_locked.o ABSOLUTE
    ../clib/stdio.c                          0x00000000   Number         0  fclose.o ABSOLUTE
    ../clib/stdio.c                          0x00000000   Number         0  fopen.o ABSOLUTE
    ../clib/stdio.c                          0x00000000   Number         0  fputs_locked.o ABSOLUTE
    ../clib/stdio.c                          0x00000000   Number         0  fflush_locked.o ABSOLUTE
    ../clib/stdio.c                          0x00000000   Number         0  fwritefast.o ABSOLUTE
    ../clib/stdio.c                          0x00000000   Number         0  stdio.o ABSOLUTE
    ../clib/stdio.c                          0x00000000   Number         0  fseek.o ABSOLUTE
    ../clib/stdio.c                          0x00000000   Number         0  fputs.o ABSOLUTE
    ../clib/stdio.c                          0x00000000   Number         0  fwritefast_locked.o ABSOLUTE
    ../clib/stdio.c                          0x00000000   Number         0  ferror_locked.o ABSOLUTE
    ../clib/stdio.c                          0x00000000   Number         0  fputc_locked.o ABSOLUTE
    ../clib/stdio.c                          0x00000000   Number         0  initio.o ABSOLUTE
    ../clib/stdio.c                          0x00000000   Number         0  fputc.o ABSOLUTE
    ../clib/stdio.c                          0x00000000   Number         0  initio_locked.o ABSOLUTE
    ../clib/stdio.c                          0x00000000   Number         0  ferror.o ABSOLUTE
    ../clib/stdio.c                          0x00000000   Number         0  flsbuf.o ABSOLUTE
    ../clib/stdio.c                          0x00000000   Number         0  fflush.o ABSOLUTE
    ../clib/stdio.c                          0x00000000   Number         0  setvbuf.o ABSOLUTE
    ../clib/stdio.c                          0x00000000   Number         0  stdio_streams.o ABSOLUTE
    ../clib/stdio.c                          0x00000000   Number         0  streamlock.o ABSOLUTE
    ../clib/stdio.c                          0x00000000   Number         0  ftell.o ABSOLUTE
    ../clib/stdio.c                          0x00000000   Number         0  fopen_locked.o ABSOLUTE
    ../clib/stdlib.c                         0x00000000   Number         0  exit.o ABSOLUTE
    ../clib/string.c                         0x00000000   Number         0  strcat.o ABSOLUTE
    ../clib/string.c                         0x00000000   Number         0  strlen.o ABSOLUTE
    ../clib/wchar.c                          0x00000000   Number         0  flsbuf_fwide.o ABSOLUTE
    ../fplib/ddiv.s                          0x00000000   Number         0  ddiv.o ABSOLUTE
    ../fplib/dfixu.s                         0x00000000   Number         0  dfixu.o ABSOLUTE
    ../fplib/dflt.s                          0x00000000   Number         0  dflt_clz.o ABSOLUTE
    ../fplib/dmul.s                          0x00000000   Number         0  dmul.o ABSOLUTE
    ../fplib/dnaninf.s                       0x00000000   Number         0  dnaninf.o ABSOLUTE
    ../fplib/dretinf.s                       0x00000000   Number         0  dretinf.o ABSOLUTE
    ../fplib/fpinit.s                        0x00000000   Number         0  fpinit.o ABSOLUTE
    ../fplib/usenofp.s                       0x00000000   Number         0  usenofp.o ABSOLUTE
    ..\ADC14.c                               0x00000000   Number         0  adc14.o ABSOLUTE
    ..\ControlPins.c                         0x00000000   Number         0  controlpins.o ABSOLUTE
    ..\CortexM.c                             0x00000000   Number         0  cortexm.o ABSOLUTE
    ..\SysTickTimer.c                        0x00000000   Number         0  systicktimer.o ABSOLUTE
    ..\Timer32.c                             0x00000000   Number         0  timer32.o ABSOLUTE
    ..\TimerA.c                              0x00000000   Number         0  timera.o ABSOLUTE
    ..\\ADC14.c                              0x00000000   Number         0  adc14.o ABSOLUTE
    ..\\ControlPins.c                        0x00000000   Number         0  controlpins.o ABSOLUTE
    ..\\CortexM.c                            0x00000000   Number         0  cortexm.o ABSOLUTE
    ..\\SysTickTimer.c                       0x00000000   Number         0  systicktimer.o ABSOLUTE
    ..\\Timer32.c                            0x00000000   Number         0  timer32.o ABSOLUTE
    ..\\TimerA.c                             0x00000000   Number         0  timera.o ABSOLUTE
    ..\\led.c                                0x00000000   Number         0  led.o ABSOLUTE
    ..\\main1.c                              0x00000000   Number         0  main1.o ABSOLUTE
    ..\\motors.c                             0x00000000   Number         0  motors.o ABSOLUTE
    ..\\switches.c                           0x00000000   Number         0  switches.o ABSOLUTE
    ..\\uart.c                               0x00000000   Number         0  uart.o ABSOLUTE
    ..\led.c                                 0x00000000   Number         0  led.o ABSOLUTE
    ..\main1.c                               0x00000000   Number         0  main1.o ABSOLUTE
    ..\motors.c                              0x00000000   Number         0  motors.o ABSOLUTE
    ..\switches.c                            0x00000000   Number         0  switches.o ABSOLUTE
    ..\uart.c                                0x00000000   Number         0  uart.o ABSOLUTE
    RTE\Device\MSP432P4111\startup_msp432p4111_uvision.s 0x00000000   Number         0  startup_msp432p4111_uvision.o ABSOLUTE
    RTE\Device\MSP432P4111\system_msp432p4111.c 0x00000000   Number         0  system_msp432p4111.o ABSOLUTE
    RTE\\Device\\MSP432P4111\\system_msp432p4111.c 0x00000000   Number         0  system_msp432p4111.o ABSOLUTE
    dc.s                                     0x00000000   Number         0  dc.o ABSOLUTE
    !!!main                                  0x00000144   Section        8  __main.o(!!!main)
    !!!scatter                               0x0000014c   Section       52  __scatter.o(!!!scatter)
    !!handler_copy                           0x00000180   Section       26  __scatter_copy.o(!!handler_copy)
    !!handler_zi                             0x0000019c   Section       28  __scatter_zi.o(!!handler_zi)
    .ARM.Collect$$_printf_percent$$00000000  0x000001b8   Section        0  _printf_percent.o(.ARM.Collect$$_printf_percent$$00000000)
    .ARM.Collect$$_printf_percent$$00000008  0x000001b8   Section        6  _printf_i.o(.ARM.Collect$$_printf_percent$$00000008)
    .ARM.Collect$$_printf_percent$$0000000A  0x000001be   Section        6  _printf_u.o(.ARM.Collect$$_printf_percent$$0000000A)
    .ARM.Collect$$_printf_percent$$00000014  0x000001c4   Section        6  _printf_s.o(.ARM.Collect$$_printf_percent$$00000014)
    .ARM.Collect$$_printf_percent$$00000017  0x000001ca   Section        4  _printf_percent_end.o(.ARM.Collect$$_printf_percent$$00000017)
    .ARM.Collect$$libinit$$00000000          0x000001ce   Section        2  libinit.o(.ARM.Collect$$libinit$$00000000)
    .ARM.Collect$$libinit$$00000001          0x000001d0   Section        4  libinit2.o(.ARM.Collect$$libinit$$00000001)
    .ARM.Collect$$libinit$$00000004          0x000001d4   Section        0  libinit2.o(.ARM.Collect$$libinit$$00000004)
    .ARM.Collect$$libinit$$00000005          0x000001d4   Section        8  libinit2.o(.ARM.Collect$$libinit$$00000005)
    .ARM.Collect$$libinit$$0000000A          0x000001dc   Section        0  libinit2.o(.ARM.Collect$$libinit$$0000000A)
    .ARM.Collect$$libinit$$0000000C          0x000001dc   Section        0  libinit2.o(.ARM.Collect$$libinit$$0000000C)
    .ARM.Collect$$libinit$$0000000E          0x000001dc   Section        0  libinit2.o(.ARM.Collect$$libinit$$0000000E)
    .ARM.Collect$$libinit$$00000011          0x000001dc   Section        0  libinit2.o(.ARM.Collect$$libinit$$00000011)
    .ARM.Collect$$libinit$$00000013          0x000001dc   Section        0  libinit2.o(.ARM.Collect$$libinit$$00000013)
    .ARM.Collect$$libinit$$00000015          0x000001dc   Section        0  libinit2.o(.ARM.Collect$$libinit$$00000015)
    .ARM.Collect$$libinit$$00000017          0x000001dc   Section        0  libinit2.o(.ARM.Collect$$libinit$$00000017)
    .ARM.Collect$$libinit$$00000019          0x000001dc   Section        0  libinit2.o(.ARM.Collect$$libinit$$00000019)
    .ARM.Collect$$libinit$$0000001B          0x000001dc   Section        0  libinit2.o(.ARM.Collect$$libinit$$0000001B)
    .ARM.Collect$$libinit$$0000001D          0x000001dc   Section        0  libinit2.o(.ARM.Collect$$libinit$$0000001D)
    .ARM.Collect$$libinit$$0000001F          0x000001dc   Section        0  libinit2.o(.ARM.Collect$$libinit$$0000001F)
    .ARM.Collect$$libinit$$00000021          0x000001dc   Section        0  libinit2.o(.ARM.Collect$$libinit$$00000021)
    .ARM.Collect$$libinit$$00000023          0x000001dc   Section        0  libinit2.o(.ARM.Collect$$libinit$$00000023)
    .ARM.Collect$$libinit$$00000024          0x000001dc   Section        4  libinit2.o(.ARM.Collect$$libinit$$00000024)
    .ARM.Collect$$libinit$$00000025          0x000001e0   Section        0  libinit2.o(.ARM.Collect$$libinit$$00000025)
    .ARM.Collect$$libinit$$0000002C          0x000001e0   Section        0  libinit2.o(.ARM.Collect$$libinit$$0000002C)
    .ARM.Collect$$libinit$$0000002E          0x000001e0   Section        0  libinit2.o(.ARM.Collect$$libinit$$0000002E)
    .ARM.Collect$$libinit$$00000030          0x000001e0   Section        0  libinit2.o(.ARM.Collect$$libinit$$00000030)
    .ARM.Collect$$libinit$$00000032          0x000001e0   Section        0  libinit2.o(.ARM.Collect$$libinit$$00000032)
    .ARM.Collect$$libinit$$00000033          0x000001e0   Section        2  libinit2.o(.ARM.Collect$$libinit$$00000033)
    .ARM.Collect$$libshutdown$$00000000      0x000001e2   Section        2  libshutdown.o(.ARM.Collect$$libshutdown$$00000000)
    .ARM.Collect$$libshutdown$$00000002      0x000001e4   Section        0  libshutdown2.o(.ARM.Collect$$libshutdown$$00000002)
    .ARM.Collect$$libshutdown$$00000003      0x000001e4   Section        4  libshutdown2.o(.ARM.Collect$$libshutdown$$00000003)
    .ARM.Collect$$libshutdown$$00000004      0x000001e8   Section        0  libshutdown2.o(.ARM.Collect$$libshutdown$$00000004)
    .ARM.Collect$$libshutdown$$00000007      0x000001e8   Section        0  libshutdown2.o(.ARM.Collect$$libshutdown$$00000007)
    .ARM.Collect$$libshutdown$$0000000A      0x000001e8   Section        0  libshutdown2.o(.ARM.Collect$$libshutdown$$0000000A)
    .ARM.Collect$$libshutdown$$0000000C      0x000001e8   Section        0  libshutdown2.o(.ARM.Collect$$libshutdown$$0000000C)
    .ARM.Collect$$libshutdown$$0000000F      0x000001e8   Section        0  libshutdown2.o(.ARM.Collect$$libshutdown$$0000000F)
    .ARM.Collect$$libshutdown$$00000010      0x000001e8   Section        2  libshutdown2.o(.ARM.Collect$$libshutdown$$00000010)
    .ARM.Collect$$rtentry$$00000000          0x000001ea   Section        0  __rtentry.o(.ARM.Collect$$rtentry$$00000000)
    .ARM.Collect$$rtentry$$00000002          0x000001ea   Section        0  __rtentry2.o(.ARM.Collect$$rtentry$$00000002)
    .ARM.Collect$$rtentry$$00000004          0x000001ea   Section        6  __rtentry4.o(.ARM.Collect$$rtentry$$00000004)
    .ARM.Collect$$rtentry$$00000009          0x000001f0   Section        0  __rtentry2.o(.ARM.Collect$$rtentry$$00000009)
    .ARM.Collect$$rtentry$$0000000A          0x000001f0   Section        4  __rtentry2.o(.ARM.Collect$$rtentry$$0000000A)
    .ARM.Collect$$rtentry$$0000000C          0x000001f4   Section        0  __rtentry2.o(.ARM.Collect$$rtentry$$0000000C)
    .ARM.Collect$$rtentry$$0000000D          0x000001f4   Section        8  __rtentry2.o(.ARM.Collect$$rtentry$$0000000D)
    .ARM.Collect$$rtexit$$00000000           0x000001fc   Section        2  rtexit.o(.ARM.Collect$$rtexit$$00000000)
    .ARM.Collect$$rtexit$$00000002           0x000001fe   Section        0  rtexit2.o(.ARM.Collect$$rtexit$$00000002)
    .ARM.Collect$$rtexit$$00000003           0x000001fe   Section        4  rtexit2.o(.ARM.Collect$$rtexit$$00000003)
    .ARM.Collect$$rtexit$$00000004           0x00000202   Section        6  rtexit2.o(.ARM.Collect$$rtexit$$00000004)
    .emb_text                                0x00000208   Section       32  cortexm.o(.emb_text)
    $v0                                      0x00000208   Number         0  cortexm.o(.emb_text)
    .emb_text                                0x00000228   Section        0  maybetermalloc1.o(.emb_text)
    .text                                    0x00000228   Section       60  startup_msp432p4111_uvision.o(.text)
    $v0                                      0x00000228   Number         0  startup_msp432p4111_uvision.o(.text)
    .text                                    0x00000264   Section        0  noretval__2printf.o(.text)
    .text                                    0x0000027c   Section        0  noretval__2sprintf.o(.text)
    .text                                    0x000002a4   Section        0  __printf.o(.text)
    .text                                    0x0000030c   Section        0  _printf_str.o(.text)
    .text                                    0x00000360   Section        0  _printf_dec.o(.text)
    .text                                    0x000003d8   Section        0  strcat.o(.text)
    .text                                    0x000003f0   Section       78  rt_memclr_w.o(.text)
    .text                                    0x0000043e   Section        0  heapauxi.o(.text)
    .text                                    0x00000444   Section        0  _printf_intcommon.o(.text)
    .text                                    0x000004f8   Section        0  _printf_char_common.o(.text)
    _printf_input_char                       0x000004f9   Thumb Code    10  _printf_char_common.o(.text)
    .text                                    0x00000528   Section        0  _sputc.o(.text)
    .text                                    0x00000532   Section        0  _printf_char.o(.text)
    .text                                    0x00000560   Section        0  _printf_char_file.o(.text)
    .text                                    0x00000584   Section        0  ferror.o(.text)
    .text                                    0x0000058c   Section        0  initio.o(.text)
    .text                                    0x000006c4   Section        0  sys_io.o(.text)
    .text                                    0x0000072a   Section       74  sys_stackheap_outer.o(.text)
    .text                                    0x00000774   Section        0  h1_free.o(.text)
    .text                                    0x000007c2   Section        0  flsbuf.o(.text)
    .text                                    0x00000998   Section        0  setvbuf.o(.text)
    .text                                    0x000009e0   Section        0  fopen.o(.text)
    _freopen_locked                          0x000009e1   Thumb Code     0  fopen.o(.text)
    .text                                    0x00000acc   Section        0  fclose.o(.text)
    .text                                    0x00000b18   Section        0  exit.o(.text)
    .text                                    0x00000b2a   Section        0  defsig_rtred_outer.o(.text)
    .text                                    0x00000b38   Section        8  libspace.o(.text)
    .text                                    0x00000b40   Section        2  use_no_semi.o(.text)
    .text                                    0x00000b42   Section        0  indicate_semi.o(.text)
    .text                                    0x00000b44   Section        8  rt_heap_descriptor_intlibspace.o(.text)
    .text                                    0x00000b4c   Section        0  hguard.o(.text)
    .text                                    0x00000b50   Section        0  init_alloc.o(.text)
    .text                                    0x00000bda   Section        0  h1_alloc.o(.text)
    .text                                    0x00000c38   Section        0  fseek.o(.text)
    .text                                    0x00000d30   Section        0  stdio.o(.text)
    .text                                    0x00000e20   Section        0  defsig_exit.o(.text)
    .text                                    0x00000e2c   Section        0  defsig_rtred_inner.o(.text)
    .text                                    0x00000e60   Section        0  strlen.o(.text)
    .text                                    0x00000ea0   Section        0  sys_exit.o(.text)
    .text                                    0x00000eac   Section        0  h1_init.o(.text)
    .text                                    0x00000eba   Section        0  h1_extend.o(.text)
    .text                                    0x00000eee   Section        0  ftell.o(.text)
    .text                                    0x00000f30   Section        0  defsig_general.o(.text)
    .text                                    0x00000f62   Section        0  defsig_rtmem_outer.o(.text)
    .text                                    0x00000f70   Section        0  sys_wrch.o(.text)
    .text                                    0x00000f80   Section        8  rt_errno_addr_intlibspace.o(.text)
    .text                                    0x00000f88   Section        0  defsig_rtmem_inner.o(.text)
    i.ADC0_InitSWTriggerCh6                  0x00000fd8   Section        0  adc14.o(i.ADC0_InitSWTriggerCh6)
    i.ADC_In                                 0x00001148   Section        0  adc14.o(i.ADC_In)
    i.CLK_Handler                            0x00001180   Section        0  controlpins.o(i.CLK_Handler)
    i.CalcPeriodFromFrequency                0x000011dc   Section        0  timer32.o(i.CalcPeriodFromFrequency)
    i.Camera_Init                            0x0000122c   Section        0  main1.o(i.Camera_Init)
    i.ControlPin_CLK_Init                    0x00001248   Section        0  controlpins.o(i.ControlPin_CLK_Init)
    i.ControlPin_SI_Init                     0x0000129c   Section        0  controlpins.o(i.ControlPin_SI_Init)
    i.DisableSysTickTimer                    0x000012ec   Section        0  systicktimer.o(i.DisableSysTickTimer)
    i.EnableSysTickTimer                     0x00001312   Section        0  systicktimer.o(i.EnableSysTickTimer)
    i.LED1_Init                              0x00001338   Section        0  led.o(i.LED1_Init)
    i.LED1_on                                0x0000139c   Section        0  led.o(i.LED1_on)
    i.LED2_Init                              0x000013b0   Section        0  led.o(i.LED2_Init)
    i.SI_Handler                             0x00001480   Section        0  controlpins.o(i.SI_Handler)
    i.Switches_Init                          0x000014cc   Section        0  switches.o(i.Switches_Init)
    i.SysTickTimer_Init                      0x00001594   Section        0  systicktimer.o(i.SysTickTimer_Init)
    i.SysTick_Handler                        0x00001608   Section        0  systicktimer.o(i.SysTick_Handler)
    i.SystemInit                             0x00001624   Section        0  system_msp432p4111.o(i.SystemInit)
    i.T32_INT1_IRQHandler                    0x00001700   Section        0  timer32.o(i.T32_INT1_IRQHandler)
    i.T32_INT2_IRQHandler                    0x0000172c   Section        0  timer32.o(i.T32_INT2_IRQHandler)
    i.TIMER_A0_PWM_DutyCycle                 0x00001758   Section        0  timera.o(i.TIMER_A0_PWM_DutyCycle)
    i.TIMER_A0_PWM_Init                      0x0000179c   Section        0  timera.o(i.TIMER_A0_PWM_Init)
    i.TIMER_A2_PWM_Init                      0x000018c4   Section        0  timera.o(i.TIMER_A2_PWM_Init)
    i.Timer32_1_Init                         0x0000197c   Section        0  timer32.o(i.Timer32_1_Init)
    i.findMidpoint                           0x00001a00   Section        0  adc14.o(i.findMidpoint)
    i.fputc                                  0x00001ac8   Section        0  fputc.o(i.fputc)
    i.main                                   0x00001ae4   Section        0  main1.o(i.main)
    i.myDelay                                0x00001c68   Section        0  motors.o(i.myDelay)
    i.printBinAverages                       0x00001c8c   Section        0  adc14.o(i.printBinAverages)
    i.smoothData                             0x00001d0c   Section        0  adc14.o(i.smoothData)
    i.uart0_init                             0x00001d80   Section        0  uart.o(i.uart0_init)
    i.uart0_put                              0x00001e0c   Section        0  uart.o(i.uart0_put)
    i.uart0_putchar                          0x00001e24   Section        0  uart.o(i.uart0_putchar)
    i.uart2_init                             0x00001e3c   Section        0  uart.o(i.uart2_init)
    x$fpl$ddiv                               0x00001ed4   Section      688  ddiv.o(x$fpl$ddiv)
    $v0                                      0x00001ed4   Number         0  ddiv.o(x$fpl$ddiv)
    ddiv_entry                               0x00001edb   Thumb Code     0  ddiv.o(x$fpl$ddiv)
    x$fpl$dfixu                              0x00002184   Section       90  dfixu.o(x$fpl$dfixu)
    $v0                                      0x00002184   Number         0  dfixu.o(x$fpl$dfixu)
    x$fpl$dfltu                              0x000021de   Section       38  dflt_clz.o(x$fpl$dfltu)
    $v0                                      0x000021de   Number         0  dflt_clz.o(x$fpl$dfltu)
    x$fpl$dmul                               0x00002204   Section      340  dmul.o(x$fpl$dmul)
    $v0                                      0x00002204   Number         0  dmul.o(x$fpl$dmul)
    x$fpl$dnaninf                            0x00002358   Section      156  dnaninf.o(x$fpl$dnaninf)
    $v0                                      0x00002358   Number         0  dnaninf.o(x$fpl$dnaninf)
    x$fpl$dretinf                            0x000023f4   Section       12  dretinf.o(x$fpl$dretinf)
    $v0                                      0x000023f4   Number         0  dretinf.o(x$fpl$dretinf)
    x$fpl$fpinit                             0x00002400   Section       10  fpinit.o(x$fpl$fpinit)
    $v0                                      0x00002400   Number         0  fpinit.o(x$fpl$fpinit)
    .constdata                               0x0000240a   Section        4  sys_io.o(.constdata)
    x$fpl$usenofp                            0x0000240a   Section        0  usenofp.o(x$fpl$usenofp)
    .constdata                               0x0000240e   Section        4  sys_io.o(.constdata)
    .constdata                               0x00002412   Section        4  sys_io.o(.constdata)
    .data                                    0x20000000   Section        9  controlpins.o(.data)
    pixelCounter                             0x20000004   Data           4  controlpins.o(.data)
    .data                                    0x20000010   Section       26  main1.o(.data)
    .data                                    0x2000002c   Section        8  systicktimer.o(.data)
    .data                                    0x20000038   Section       25  timer32.o(.data)
    timer1Period                             0x20000048   Data           4  timer32.o(.data)
    timer2Period                             0x2000004c   Data           4  timer32.o(.data)
    .data                                    0x20000052   Section        2  timera.o(.data)
    .data                                    0x20000054   Section        4  system_msp432p4111.o(.data)
    .data                                    0x20000058   Section        4  stdio_streams.o(.data)
    .data                                    0x2000005c   Section        4  stdio_streams.o(.data)
    .data                                    0x20000060   Section        4  stdio_streams.o(.data)
    .bss                                     0x20000064   Section      256  controlpins.o(.bss)
    .bss                                     0x20000164   Section       50  main1.o(.bss)
    .bss                                     0x20000196   Section       20  timera.o(.bss)
    DEFAULT_PERIOD_A0                        0x20000196   Data          10  timera.o(.bss)
    DEFAULT_PERIOD_A2                        0x200001a0   Data          10  timera.o(.bss)
    .bss                                     0x200001ac   Section       84  stdio_streams.o(.bss)
    .bss                                     0x20000200   Section       84  stdio_streams.o(.bss)
    .bss                                     0x20000254   Section       84  stdio_streams.o(.bss)
    .bss                                     0x200002a8   Section       96  libspace.o(.bss)
    HEAP                                     0x20000308   Section        0  startup_msp432p4111_uvision.o(HEAP)
    STACK                                    0x20000308   Section      512  startup_msp432p4111_uvision.o(STACK)
    Heap_Mem                                 0x20000308   Data           0  startup_msp432p4111_uvision.o(HEAP)
    Stack_Mem                                0x20000308   Data         512  startup_msp432p4111_uvision.o(STACK)
    __initial_sp                             0x20000508   Data           0  startup_msp432p4111_uvision.o(STACK)

    Global Symbols

    Symbol Name                              Value     Ov Type        Size  Object(Section)

    BuildAttributes$$THM_ISAv4$E$P$D$K$B$S$7EM$VFPi3$EXTD16$VFPS$VFMA$PE$A:L22UL41UL21$X:L11$S22US41US21$IEEE1$IW$USESV6$~STKCKD$USESV7$~SHL$OTIME$ROPI$EBA8$UX$STANDARDLIB$REQ8$PRES8$EABIv2 0x00000000   Number         0  anon$$obj.o ABSOLUTE
    __ARM_use_no_argv                        0x00000000   Number         0  main1.o ABSOLUTE
    __Vectors                                0x00000000   Data           4  startup_msp432p4111_uvision.o(RESET)
    __ARM_exceptions_init                     - Undefined Weak Reference
    __alloca_initialize                       - Undefined Weak Reference
    __arm_preinit_                            - Undefined Weak Reference
    __cpp_initialize__aeabi_                  - Undefined Weak Reference
    __cxa_finalize                            - Undefined Weak Reference
    __rt_locale                               - Undefined Weak Reference
    __sigvec_lookup                           - Undefined Weak Reference
    __user_heap_extent                        - Undefined Weak Reference
    _atexit_init                              - Undefined Weak Reference
    _call_atexit_fns                          - Undefined Weak Reference
    _clock_init                               - Undefined Weak Reference
    _fp_trap_init                             - Undefined Weak Reference
    _fp_trap_shutdown                         - Undefined Weak Reference
    _get_lc_collate                           - Undefined Weak Reference
    _get_lc_ctype                             - Undefined Weak Reference
    _get_lc_monetary                          - Undefined Weak Reference
    _get_lc_numeric                           - Undefined Weak Reference
    _get_lc_time                              - Undefined Weak Reference
    _getenv_init                              - Undefined Weak Reference
    _handle_redirection                       - Undefined Weak Reference
    _mutex_acquire                            - Undefined Weak Reference
    _mutex_free                               - Undefined Weak Reference
    _mutex_release                            - Undefined Weak Reference
    _printf_mbtowc                            - Undefined Weak Reference
    _printf_post_padding                      - Undefined Weak Reference
    _printf_pre_padding                       - Undefined Weak Reference
    _printf_truncate_signed                   - Undefined Weak Reference
    _printf_truncate_unsigned                 - Undefined Weak Reference
    _rand_init                                - Undefined Weak Reference
    _signal_finish                            - Undefined Weak Reference
    _signal_init                              - Undefined Weak Reference
    __Vectors_End                            0x00000144   Data           0  startup_msp432p4111_uvision.o(RESET)
    __Vectors_Size                           0x00000144   Number         0  startup_msp432p4111_uvision.o ABSOLUTE
    __main                                   0x00000145   Thumb Code     8  __main.o(!!!main)
    __scatterload                            0x0000014d   Thumb Code     0  __scatter.o(!!!scatter)
    __scatterload_rt2                        0x0000014d   Thumb Code    44  __scatter.o(!!!scatter)
    __scatterload_rt2_thumb_only             0x0000014d   Thumb Code     0  __scatter.o(!!!scatter)
    __scatterload_null                       0x0000015b   Thumb Code     0  __scatter.o(!!!scatter)
    __scatterload_copy                       0x00000181   Thumb Code    26  __scatter_copy.o(!!handler_copy)
    __scatterload_zeroinit                   0x0000019d   Thumb Code    28  __scatter_zi.o(!!handler_zi)
    _printf_i                                0x000001b9   Thumb Code     0  _printf_i.o(.ARM.Collect$$_printf_percent$$00000008)
    _printf_percent                          0x000001b9   Thumb Code     0  _printf_percent.o(.ARM.Collect$$_printf_percent$$00000000)
    _printf_u                                0x000001bf   Thumb Code     0  _printf_u.o(.ARM.Collect$$_printf_percent$$0000000A)
    _printf_s                                0x000001c5   Thumb Code     0  _printf_s.o(.ARM.Collect$$_printf_percent$$00000014)
    _printf_percent_end                      0x000001cb   Thumb Code     0  _printf_percent_end.o(.ARM.Collect$$_printf_percent$$00000017)
    __rt_lib_init                            0x000001cf   Thumb Code     0  libinit.o(.ARM.Collect$$libinit$$00000000)
    __rt_lib_init_fp_1                       0x000001d1   Thumb Code     0  libinit2.o(.ARM.Collect$$libinit$$00000001)
    __rt_lib_init_heap_2                     0x000001d5   Thumb Code     0  libinit2.o(.ARM.Collect$$libinit$$00000005)
    __rt_lib_init_preinit_1                  0x000001d5   Thumb Code     0  libinit2.o(.ARM.Collect$$libinit$$00000004)
    __rt_lib_init_atexit_1                   0x000001dd   Thumb Code     0  libinit2.o(.ARM.Collect$$libinit$$0000001B)
    __rt_lib_init_clock_1                    0x000001dd   Thumb Code     0  libinit2.o(.ARM.Collect$$libinit$$00000021)
    __rt_lib_init_fp_trap_1                  0x000001dd   Thumb Code     0  libinit2.o(.ARM.Collect$$libinit$$0000001F)
    __rt_lib_init_getenv_1                   0x000001dd   Thumb Code     0  libinit2.o(.ARM.Collect$$libinit$$00000023)
    __rt_lib_init_heap_1                     0x000001dd   Thumb Code     0  libinit2.o(.ARM.Collect$$libinit$$0000000A)
    __rt_lib_init_lc_collate_1               0x000001dd   Thumb Code     0  libinit2.o(.ARM.Collect$$libinit$$00000011)
    __rt_lib_init_lc_ctype_1                 0x000001dd   Thumb Code     0  libinit2.o(.ARM.Collect$$libinit$$00000013)
    __rt_lib_init_lc_monetary_1              0x000001dd   Thumb Code     0  libinit2.o(.ARM.Collect$$libinit$$00000015)
    __rt_lib_init_lc_numeric_1               0x000001dd   Thumb Code     0  libinit2.o(.ARM.Collect$$libinit$$00000017)
    __rt_lib_init_lc_time_1                  0x000001dd   Thumb Code     0  libinit2.o(.ARM.Collect$$libinit$$00000019)
    __rt_lib_init_rand_1                     0x000001dd   Thumb Code     0  libinit2.o(.ARM.Collect$$libinit$$0000000E)
    __rt_lib_init_signal_1                   0x000001dd   Thumb Code     0  libinit2.o(.ARM.Collect$$libinit$$0000001D)
    __rt_lib_init_stdio_2                    0x000001dd   Thumb Code     0  libinit2.o(.ARM.Collect$$libinit$$00000024)
    __rt_lib_init_user_alloc_1               0x000001dd   Thumb Code     0  libinit2.o(.ARM.Collect$$libinit$$0000000C)
    __rt_lib_init_alloca_1                   0x000001e1   Thumb Code     0  libinit2.o(.ARM.Collect$$libinit$$0000002E)
    __rt_lib_init_argv_1                     0x000001e1   Thumb Code     0  libinit2.o(.ARM.Collect$$libinit$$0000002C)
    __rt_lib_init_cpp_1                      0x000001e1   Thumb Code     0  libinit2.o(.ARM.Collect$$libinit$$00000032)
    __rt_lib_init_exceptions_1               0x000001e1   Thumb Code     0  libinit2.o(.ARM.Collect$$libinit$$00000030)
    __rt_lib_init_return                     0x000001e1   Thumb Code     0  libinit2.o(.ARM.Collect$$libinit$$00000033)
    __rt_lib_init_stdio_1                    0x000001e1   Thumb Code     0  libinit2.o(.ARM.Collect$$libinit$$00000025)
    __rt_lib_shutdown                        0x000001e3   Thumb Code     0  libshutdown.o(.ARM.Collect$$libshutdown$$00000000)
    __rt_lib_shutdown_cpp_1                  0x000001e5   Thumb Code     0  libshutdown2.o(.ARM.Collect$$libshutdown$$00000002)
    __rt_lib_shutdown_stdio_2                0x000001e5   Thumb Code     0  libshutdown2.o(.ARM.Collect$$libshutdown$$00000003)
    __rt_lib_shutdown_fp_trap_1              0x000001e9   Thumb Code     0  libshutdown2.o(.ARM.Collect$$libshutdown$$00000007)
    __rt_lib_shutdown_heap_1                 0x000001e9   Thumb Code     0  libshutdown2.o(.ARM.Collect$$libshutdown$$0000000F)
    __rt_lib_shutdown_return                 0x000001e9   Thumb Code     0  libshutdown2.o(.ARM.Collect$$libshutdown$$00000010)
    __rt_lib_shutdown_signal_1               0x000001e9   Thumb Code     0  libshutdown2.o(.ARM.Collect$$libshutdown$$0000000A)
    __rt_lib_shutdown_stdio_1                0x000001e9   Thumb Code     0  libshutdown2.o(.ARM.Collect$$libshutdown$$00000004)
    __rt_lib_shutdown_user_alloc_1           0x000001e9   Thumb Code     0  libshutdown2.o(.ARM.Collect$$libshutdown$$0000000C)
    __rt_entry                               0x000001eb   Thumb Code     0  __rtentry.o(.ARM.Collect$$rtentry$$00000000)
    __rt_entry_presh_1                       0x000001eb   Thumb Code     0  __rtentry2.o(.ARM.Collect$$rtentry$$00000002)
    __rt_entry_sh                            0x000001eb   Thumb Code     0  __rtentry4.o(.ARM.Collect$$rtentry$$00000004)
    __rt_entry_li                            0x000001f1   Thumb Code     0  __rtentry2.o(.ARM.Collect$$rtentry$$0000000A)
    __rt_entry_postsh_1                      0x000001f1   Thumb Code     0  __rtentry2.o(.ARM.Collect$$rtentry$$00000009)
    __rt_entry_main                          0x000001f5   Thumb Code     0  __rtentry2.o(.ARM.Collect$$rtentry$$0000000D)
    __rt_entry_postli_1                      0x000001f5   Thumb Code     0  __rtentry2.o(.ARM.Collect$$rtentry$$0000000C)
    __rt_exit                                0x000001fd   Thumb Code     0  rtexit.o(.ARM.Collect$$rtexit$$00000000)
    __rt_exit_ls                             0x000001ff   Thumb Code     0  rtexit2.o(.ARM.Collect$$rtexit$$00000003)
    __rt_exit_prels_1                        0x000001ff   Thumb Code     0  rtexit2.o(.ARM.Collect$$rtexit$$00000002)
    __rt_exit_exit                           0x00000203   Thumb Code     0  rtexit2.o(.ARM.Collect$$rtexit$$00000004)
    DisableInterrupts                        0x00000209   Thumb Code     4  cortexm.o(.emb_text)
    EnableInterrupts                         0x0000020d   Thumb Code     4  cortexm.o(.emb_text)
    StartCritical                            0x00000211   Thumb Code     8  cortexm.o(.emb_text)
    EndCritical                              0x00000219   Thumb Code     6  cortexm.o(.emb_text)
    WaitForInterrupt                         0x0000021f   Thumb Code     4  cortexm.o(.emb_text)
    delay                                    0x00000223   Thumb Code     6  cortexm.o(.emb_text)
    Reset_Handler                            0x00000229   Thumb Code     8  startup_msp432p4111_uvision.o(.text)
    _maybe_terminate_alloc                   0x00000229   Thumb Code     0  maybetermalloc1.o(.emb_text)
    NMI_Handler                              0x00000231   Thumb Code     2  startup_msp432p4111_uvision.o(.text)
    HardFault_Handler                        0x00000233   Thumb Code     2  startup_msp432p4111_uvision.o(.text)
    MemManage_Handler                        0x00000235   Thumb Code     2  startup_msp432p4111_uvision.o(.text)
    BusFault_Handler                         0x00000237   Thumb Code     2  startup_msp432p4111_uvision.o(.text)
    UsageFault_Handler                       0x00000239   Thumb Code     2  startup_msp432p4111_uvision.o(.text)
    SVC_Handler                              0x0000023b   Thumb Code     2  startup_msp432p4111_uvision.o(.text)
    DebugMon_Handler                         0x0000023d   Thumb Code     2  startup_msp432p4111_uvision.o(.text)
    PendSV_Handler                           0x0000023f   Thumb Code     2  startup_msp432p4111_uvision.o(.text)
    ADC14_IRQHandler                         0x00000243   Thumb Code     0  startup_msp432p4111_uvision.o(.text)
    AES256_IRQHandler                        0x00000243   Thumb Code     0  startup_msp432p4111_uvision.o(.text)
    COMP_E0_IRQHandler                       0x00000243   Thumb Code     0  startup_msp432p4111_uvision.o(.text)
    COMP_E1_IRQHandler                       0x00000243   Thumb Code     0  startup_msp432p4111_uvision.o(.text)
    CS_IRQHandler                            0x00000243   Thumb Code     0  startup_msp432p4111_uvision.o(.text)
    DMA_ERR_IRQHandler                       0x00000243   Thumb Code     0  startup_msp432p4111_uvision.o(.text)
    DMA_INT0_IRQHandler                      0x00000243   Thumb Code     0  startup_msp432p4111_uvision.o(.text)
    DMA_INT1_IRQHandler                      0x00000243   Thumb Code     0  startup_msp432p4111_uvision.o(.text)
    DMA_INT2_IRQHandler                      0x00000243   Thumb Code     0  startup_msp432p4111_uvision.o(.text)
    DMA_INT3_IRQHandler                      0x00000243   Thumb Code     0  startup_msp432p4111_uvision.o(.text)
    EUSCIA0_IRQHandler                       0x00000243   Thumb Code     0  startup_msp432p4111_uvision.o(.text)
    EUSCIA1_IRQHandler                       0x00000243   Thumb Code     0  startup_msp432p4111_uvision.o(.text)
    EUSCIA2_IRQHandler                       0x00000243   Thumb Code     0  startup_msp432p4111_uvision.o(.text)
    EUSCIA3_IRQHandler                       0x00000243   Thumb Code     0  startup_msp432p4111_uvision.o(.text)
    EUSCIB0_IRQHandler                       0x00000243   Thumb Code     0  startup_msp432p4111_uvision.o(.text)
    EUSCIB1_IRQHandler                       0x00000243   Thumb Code     0  startup_msp432p4111_uvision.o(.text)
    EUSCIB2_IRQHandler                       0x00000243   Thumb Code     0  startup_msp432p4111_uvision.o(.text)
    EUSCIB3_IRQHandler                       0x00000243   Thumb Code     0  startup_msp432p4111_uvision.o(.text)
    FLCTL_A_IRQHandler                       0x00000243   Thumb Code     0  startup_msp432p4111_uvision.o(.text)
    FPU_IRQHandler                           0x00000243   Thumb Code     0  startup_msp432p4111_uvision.o(.text)
    LCD_F_IRQHandler                         0x00000243   Thumb Code     0  startup_msp432p4111_uvision.o(.text)
    PCM_IRQHandler                           0x00000243   Thumb Code     0  startup_msp432p4111_uvision.o(.text)
    PORT1_IRQHandler                         0x00000243   Thumb Code     0  startup_msp432p4111_uvision.o(.text)
    PORT2_IRQHandler                         0x00000243   Thumb Code     0  startup_msp432p4111_uvision.o(.text)
    PORT3_IRQHandler                         0x00000243   Thumb Code     0  startup_msp432p4111_uvision.o(.text)
    PORT4_IRQHandler                         0x00000243   Thumb Code     0  startup_msp432p4111_uvision.o(.text)
    PORT5_IRQHandler                         0x00000243   Thumb Code     0  startup_msp432p4111_uvision.o(.text)
    PORT6_IRQHandler                         0x00000243   Thumb Code     0  startup_msp432p4111_uvision.o(.text)
    PSS_IRQHandler                           0x00000243   Thumb Code     0  startup_msp432p4111_uvision.o(.text)
    RTC_C_IRQHandler                         0x00000243   Thumb Code     0  startup_msp432p4111_uvision.o(.text)
    T32_INTC_IRQHandler                      0x00000243   Thumb Code     0  startup_msp432p4111_uvision.o(.text)
    TA0_0_IRQHandler                         0x00000243   Thumb Code     0  startup_msp432p4111_uvision.o(.text)
    TA0_N_IRQHandler                         0x00000243   Thumb Code     0  startup_msp432p4111_uvision.o(.text)
    TA1_0_IRQHandler                         0x00000243   Thumb Code     0  startup_msp432p4111_uvision.o(.text)
    TA1_N_IRQHandler                         0x00000243   Thumb Code     0  startup_msp432p4111_uvision.o(.text)
    TA2_0_IRQHandler                         0x00000243   Thumb Code     0  startup_msp432p4111_uvision.o(.text)
    TA2_N_IRQHandler                         0x00000243   Thumb Code     0  startup_msp432p4111_uvision.o(.text)
    TA3_0_IRQHandler                         0x00000243   Thumb Code     0  startup_msp432p4111_uvision.o(.text)
    TA3_N_IRQHandler                         0x00000243   Thumb Code     0  startup_msp432p4111_uvision.o(.text)
    WDT_A_IRQHandler                         0x00000243   Thumb Code     0  startup_msp432p4111_uvision.o(.text)
    __user_initial_stackheap                 0x00000245   Thumb Code    10  startup_msp432p4111_uvision.o(.text)
    __2printf                                0x00000265   Thumb Code    20  noretval__2printf.o(.text)
    __2sprintf                               0x0000027d   Thumb Code    34  noretval__2sprintf.o(.text)
    __printf                                 0x000002a5   Thumb Code   104  __printf.o(.text)
    _printf_str                              0x0000030d   Thumb Code    82  _printf_str.o(.text)
    _printf_int_dec                          0x00000361   Thumb Code   104  _printf_dec.o(.text)
    strcat                                   0x000003d9   Thumb Code    24  strcat.o(.text)
    __aeabi_memclr4                          0x000003f1   Thumb Code     0  rt_memclr_w.o(.text)
    __aeabi_memclr8                          0x000003f1   Thumb Code     0  rt_memclr_w.o(.text)
    __rt_memclr_w                            0x000003f1   Thumb Code    78  rt_memclr_w.o(.text)
    _memset_w                                0x000003f5   Thumb Code     0  rt_memclr_w.o(.text)
    __use_two_region_memory                  0x0000043f   Thumb Code     2  heapauxi.o(.text)
    __rt_heap_escrow                         0x00000441   Thumb Code     2  heapauxi.o(.text)
    __rt_heap_expand                         0x00000443   Thumb Code     2  heapauxi.o(.text)
    _printf_int_common                       0x00000445   Thumb Code   178  _printf_intcommon.o(.text)
    _printf_char_common                      0x00000503   Thumb Code    32  _printf_char_common.o(.text)
    _sputc                                   0x00000529   Thumb Code    10  _sputc.o(.text)
    _printf_cs_common                        0x00000533   Thumb Code    20  _printf_char.o(.text)
    _printf_char                             0x00000547   Thumb Code    16  _printf_char.o(.text)
    _printf_string                           0x00000557   Thumb Code     8  _printf_char.o(.text)
    _printf_char_file                        0x00000561   Thumb Code    32  _printf_char_file.o(.text)
    ferror                                   0x00000585   Thumb Code     8  ferror.o(.text)
    _initio                                  0x0000058d   Thumb Code   210  initio.o(.text)
    _terminateio                             0x0000065f   Thumb Code    56  initio.o(.text)
    _sys_open                                0x000006c5   Thumb Code    20  sys_io.o(.text)
    _sys_close                               0x000006d9   Thumb Code    12  sys_io.o(.text)
    _sys_write                               0x000006e5   Thumb Code    16  sys_io.o(.text)
    _sys_read                                0x000006f5   Thumb Code    14  sys_io.o(.text)
    _sys_istty                               0x00000703   Thumb Code    12  sys_io.o(.text)
    _sys_seek                                0x0000070f   Thumb Code    14  sys_io.o(.text)
    _sys_ensure                              0x0000071d   Thumb Code     2  sys_io.o(.text)
    _sys_flen                                0x0000071f   Thumb Code    12  sys_io.o(.text)
    __user_setup_stackheap                   0x0000072b   Thumb Code    74  sys_stackheap_outer.o(.text)
    free                                     0x00000775   Thumb Code    78  h1_free.o(.text)
    __flsbuf                                 0x000007c3   Thumb Code   470  flsbuf.o(.text)
    __flsbuf_byte                            0x000007c3   Thumb Code     0  flsbuf.o(.text)
    __flsbuf_wide                            0x000007c3   Thumb Code     0  flsbuf.o(.text)
    setvbuf                                  0x00000999   Thumb Code    70  setvbuf.o(.text)
    freopen                                  0x000009e1   Thumb Code   158  fopen.o(.text)
    fopen                                    0x00000a7f   Thumb Code    74  fopen.o(.text)
    _fclose_internal                         0x00000acd   Thumb Code    76  fclose.o(.text)
    fclose                                   0x00000acd   Thumb Code     0  fclose.o(.text)
    exit                                     0x00000b19   Thumb Code    18  exit.o(.text)
    __rt_SIGRTRED                            0x00000b2b   Thumb Code    14  defsig_rtred_outer.o(.text)
    __user_libspace                          0x00000b39   Thumb Code     8  libspace.o(.text)
    __user_perproc_libspace                  0x00000b39   Thumb Code     0  libspace.o(.text)
    __user_perthread_libspace                0x00000b39   Thumb Code     0  libspace.o(.text)
    __I$use$semihosting                      0x00000b41   Thumb Code     0  use_no_semi.o(.text)
    __use_no_semihosting_swi                 0x00000b41   Thumb Code     2  use_no_semi.o(.text)
    __semihosting_library_function           0x00000b43   Thumb Code     0  indicate_semi.o(.text)
    __rt_heap_descriptor                     0x00000b45   Thumb Code     8  rt_heap_descriptor_intlibspace.o(.text)
    __use_no_heap                            0x00000b4d   Thumb Code     2  hguard.o(.text)
    __heap$guard                             0x00000b4f   Thumb Code     2  hguard.o(.text)
    _terminate_user_alloc                    0x00000b51   Thumb Code     2  init_alloc.o(.text)
    _init_user_alloc                         0x00000b53   Thumb Code     2  init_alloc.o(.text)
    __Heap_Full                              0x00000b55   Thumb Code    34  init_alloc.o(.text)
    __Heap_Broken                            0x00000b77   Thumb Code     6  init_alloc.o(.text)
    _init_alloc                              0x00000b7d   Thumb Code    94  init_alloc.o(.text)
    malloc                                   0x00000bdb   Thumb Code    94  h1_alloc.o(.text)
    _fseek                                   0x00000c39   Thumb Code   242  fseek.o(.text)
    fseek                                    0x00000c39   Thumb Code     0  fseek.o(.text)
    _seterr                                  0x00000d31   Thumb Code    20  stdio.o(.text)
    _writebuf                                0x00000d45   Thumb Code    84  stdio.o(.text)
    _fflush                                  0x00000d99   Thumb Code    70  stdio.o(.text)
    _deferredlazyseek                        0x00000ddf   Thumb Code    60  stdio.o(.text)
    __sig_exit                               0x00000e21   Thumb Code    10  defsig_exit.o(.text)
    __rt_SIGRTRED_inner                      0x00000e2d   Thumb Code    14  defsig_rtred_inner.o(.text)
    strlen                                   0x00000e61   Thumb Code    62  strlen.o(.text)
    _sys_exit                                0x00000ea1   Thumb Code     8  sys_exit.o(.text)
    __Heap_Initialize                        0x00000ead   Thumb Code    10  h1_init.o(.text)
    __Heap_DescSize                          0x00000eb7   Thumb Code     4  h1_init.o(.text)
    __Heap_ProvideMemory                     0x00000ebb   Thumb Code    52  h1_extend.o(.text)
    _ftell_internal                          0x00000eef   Thumb Code    66  ftell.o(.text)
    ftell                                    0x00000eef   Thumb Code     0  ftell.o(.text)
    __default_signal_display                 0x00000f31   Thumb Code    50  defsig_general.o(.text)
    __rt_SIGRTMEM                            0x00000f63   Thumb Code    14  defsig_rtmem_outer.o(.text)
    _ttywrch                                 0x00000f71   Thumb Code    14  sys_wrch.o(.text)
    __aeabi_errno_addr                       0x00000f81   Thumb Code     8  rt_errno_addr_intlibspace.o(.text)
    __errno$intlibspace                      0x00000f81   Thumb Code     0  rt_errno_addr_intlibspace.o(.text)
    __rt_errno_addr$intlibspace              0x00000f81   Thumb Code     0  rt_errno_addr_intlibspace.o(.text)
    __rt_SIGRTMEM_inner                      0x00000f89   Thumb Code    22  defsig_rtmem_inner.o(.text)
    ADC0_InitSWTriggerCh6                    0x00000fd9   Thumb Code   352  adc14.o(i.ADC0_InitSWTriggerCh6)
    ADC_In                                   0x00001149   Thumb Code    48  adc14.o(i.ADC_In)
    CLK_Handler                              0x00001181   Thumb Code    76  controlpins.o(i.CLK_Handler)
    CalcPeriodFromFrequency                  0x000011dd   Thumb Code    66  timer32.o(i.CalcPeriodFromFrequency)
    Camera_Init                              0x0000122d   Thumb Code    22  main1.o(i.Camera_Init)
    ControlPin_CLK_Init                      0x00001249   Thumb Code    66  controlpins.o(i.ControlPin_CLK_Init)
    ControlPin_SI_Init                       0x0000129d   Thumb Code    64  controlpins.o(i.ControlPin_SI_Init)
    DisableSysTickTimer                      0x000012ed   Thumb Code    38  systicktimer.o(i.DisableSysTickTimer)
    EnableSysTickTimer                       0x00001313   Thumb Code    38  systicktimer.o(i.EnableSysTickTimer)
    LED1_Init                                0x00001339   Thumb Code    96  led.o(i.LED1_Init)
    LED1_on                                  0x0000139d   Thumb Code    14  led.o(i.LED1_on)
    LED2_Init                                0x000013b1   Thumb Code   204  led.o(i.LED2_Init)
    SI_Handler                               0x00001481   Thumb Code    72  controlpins.o(i.SI_Handler)
    Switches_Init                            0x000014cd   Thumb Code   196  switches.o(i.Switches_Init)
    SysTickTimer_Init                        0x00001595   Thumb Code   108  systicktimer.o(i.SysTickTimer_Init)
    SysTick_Handler                          0x00001609   Thumb Code    20  systicktimer.o(i.SysTick_Handler)
    SystemInit                               0x00001625   Thumb Code   186  system_msp432p4111.o(i.SystemInit)
    T32_INT1_IRQHandler                      0x00001701   Thumb Code    30  timer32.o(i.T32_INT1_IRQHandler)
    T32_INT2_IRQHandler                      0x0000172d   Thumb Code    30  timer32.o(i.T32_INT2_IRQHandler)
    TIMER_A0_PWM_DutyCycle                   0x00001759   Thumb Code    60  timera.o(i.TIMER_A0_PWM_DutyCycle)
    TIMER_A0_PWM_Init                        0x0000179d   Thumb Code   278  timera.o(i.TIMER_A0_PWM_Init)
    TIMER_A2_PWM_Init                        0x000018c5   Thumb Code   168  timera.o(i.TIMER_A2_PWM_Init)
    Timer32_1_Init                           0x0000197d   Thumb Code   110  timer32.o(i.Timer32_1_Init)
    findMidpoint                             0x00001a01   Thumb Code   190  adc14.o(i.findMidpoint)
    fputc                                    0x00001ac9   Thumb Code    26  fputc.o(i.fputc)
    main                                     0x00001ae5   Thumb Code   254  main1.o(i.main)
    myDelay                                  0x00001c69   Thumb Code    34  motors.o(i.myDelay)
    printBinAverages                         0x00001c8d   Thumb Code   104  adc14.o(i.printBinAverages)
    smoothData                               0x00001d0d   Thumb Code   114  adc14.o(i.smoothData)
    uart0_init                               0x00001d81   Thumb Code   126  uart.o(i.uart0_init)
    uart0_put                                0x00001e0d   Thumb Code    22  uart.o(i.uart0_put)
    uart0_putchar                            0x00001e25   Thumb Code    20  uart.o(i.uart0_putchar)
    uart2_init                               0x00001e3d   Thumb Code   138  uart.o(i.uart2_init)
    __aeabi_ddiv                             0x00001ed5   Thumb Code     0  ddiv.o(x$fpl$ddiv)
    _ddiv                                    0x00001ed5   Thumb Code   552  ddiv.o(x$fpl$ddiv)
    __aeabi_d2uiz                            0x00002185   Thumb Code     0  dfixu.o(x$fpl$dfixu)
    _dfixu                                   0x00002185   Thumb Code    90  dfixu.o(x$fpl$dfixu)
    __aeabi_ui2d                             0x000021df   Thumb Code     0  dflt_clz.o(x$fpl$dfltu)
    _dfltu                                   0x000021df   Thumb Code    38  dflt_clz.o(x$fpl$dfltu)
    __aeabi_dmul                             0x00002205   Thumb Code     0  dmul.o(x$fpl$dmul)
    _dmul                                    0x00002205   Thumb Code   332  dmul.o(x$fpl$dmul)
    __fpl_dnaninf                            0x00002359   Thumb Code   156  dnaninf.o(x$fpl$dnaninf)
    __fpl_dretinf                            0x000023f5   Thumb Code    12  dretinf.o(x$fpl$dretinf)
    _fp_init                                 0x00002401   Thumb Code    10  fpinit.o(x$fpl$fpinit)
    __fplib_config_fpu_vfp                   0x00002409   Thumb Code     0  fpinit.o(x$fpl$fpinit)
    __fplib_config_pureend_doubles           0x00002409   Thumb Code     0  fpinit.o(x$fpl$fpinit)
    __I$use$fp                               0x0000240a   Number         0  usenofp.o(x$fpl$usenofp)
    __stdin_name                             0x0000240a   Data           4  sys_io.o(.constdata)
    __stdout_name                            0x0000240e   Data           4  sys_io.o(.constdata)
    __stderr_name                            0x00002412   Data           4  sys_io.o(.constdata)
    Region$$Table$$Base                      0x00002418   Number         0  anon$$obj.o(Region$$Table)
    Region$$Table$$Limit                     0x00002438   Number         0  anon$$obj.o(Region$$Table)
    tempCounter                              0x20000000   Data           4  controlpins.o(.data)
    g_sendData                               0x20000008   Data           1  controlpins.o(.data)
    DC_period                                0x20000010   Data           2  main1.o(.data)
    servo_period                             0x20000012   Data           2  main1.o(.data)
    servo_frequency                          0x20000014   Data           4  main1.o(.data)
    blackThreshold                           0x20000018   Data           2  main1.o(.data)
    midpoint                                 0x2000001c   Data           4  main1.o(.data)
    servo_duty                               0x20000020   Data           8  main1.o(.data)
    servo_pin                                0x20000028   Data           2  main1.o(.data)
    SysTickPeriodicTask                      0x2000002c   Data           4  systicktimer.o(.data)
    g_SysTickTimerCounter                    0x20000030   Data           4  systicktimer.o(.data)
    systemTimer                              0x20000038   Data           8  timer32.o(.data)
    Timer32_1_PeriodicTask                   0x20000040   Data           4  timer32.o(.data)
    Timer32_2_PeriodicTask                   0x20000044   Data           4  timer32.o(.data)
    timeOut                                  0x20000050   Data           1  timer32.o(.data)
    dutyCycle                                0x20000052   Data           2  timera.o(.data)
    SystemCoreClock                          0x20000054   Data           4  system_msp432p4111.o(.data)
    __aeabi_stdin                            0x20000058   Data           4  stdio_streams.o(.data)
    __aeabi_stdout                           0x2000005c   Data           4  stdio_streams.o(.data)
    __aeabi_stderr                           0x20000060   Data           4  stdio_streams.o(.data)
    line                                     0x20000064   Data         256  controlpins.o(.bss)
    stringBuffer                             0x20000164   Data          50  main1.o(.bss)
    __stdin                                  0x200001ac   Data          84  stdio_streams.o(.bss)
    __stdout                                 0x20000200   Data          84  stdio_streams.o(.bss)
    __stderr                                 0x20000254   Data          84  stdio_streams.o(.bss)
    __libspace_start                         0x200002a8   Data          96  libspace.o(.bss)
    __temporary_stack_top$libspace           0x20000308   Data           0  libspace.o(.bss)



==============================================================================

Memory Map of the image

  Image Entry point : 0x00000229

  Load Region LR_1 (Base: 0x00000000, Size: 0x0000249c, Max: 0xffffffff, ABSOLUTE)

    Execution Region ER_RO (Exec base: 0x00000000, Load base: 0x00000000, Size: 0x00002438, Max: 0xffffffff, ABSOLUTE)

    Exec Addr    Load Addr    Size         Type   Attr      Idx    E Section Name        Object

    0x00000000   0x00000000   0x00000144   Data   RO          602    RESET               startup_msp432p4111_uvision.o
    0x00000144   0x00000144   0x00000008   Code   RO          689  * !!!main             c_w.l(__main.o)
    0x0000014c   0x0000014c   0x00000034   Code   RO         1063    !!!scatter          c_w.l(__scatter.o)
    0x00000180   0x00000180   0x0000001a   Code   RO         1065    !!handler_copy      c_w.l(__scatter_copy.o)
    0x0000019a   0x0000019a   0x00000002   PAD
    0x0000019c   0x0000019c   0x0000001c   Code   RO         1067    !!handler_zi        c_w.l(__scatter_zi.o)
    0x000001b8   0x000001b8   0x00000000   Code   RO          682    .ARM.Collect$$_printf_percent$$00000000  c_w.l(_printf_percent.o)
    0x000001b8   0x000001b8   0x00000006   Code   RO          680    .ARM.Collect$$_printf_percent$$00000008  c_w.l(_printf_i.o)
    0x000001be   0x000001be   0x00000006   Code   RO          681    .ARM.Collect$$_printf_percent$$0000000A  c_w.l(_printf_u.o)
    0x000001c4   0x000001c4   0x00000006   Code   RO          679    .ARM.Collect$$_printf_percent$$00000014  c_w.l(_printf_s.o)
    0x000001ca   0x000001ca   0x00000004   Code   RO          718    .ARM.Collect$$_printf_percent$$00000017  c_w.l(_printf_percent_end.o)
    0x000001ce   0x000001ce   0x00000002   Code   RO          850    .ARM.Collect$$libinit$$00000000  c_w.l(libinit.o)
    0x000001d0   0x000001d0   0x00000004   Code   RO          851    .ARM.Collect$$libinit$$00000001  c_w.l(libinit2.o)
    0x000001d4   0x000001d4   0x00000000   Code   RO          854    .ARM.Collect$$libinit$$00000004  c_w.l(libinit2.o)
    0x000001d4   0x000001d4   0x00000008   Code   RO          855    .ARM.Collect$$libinit$$00000005  c_w.l(libinit2.o)
    0x000001dc   0x000001dc   0x00000000   Code   RO          857    .ARM.Collect$$libinit$$0000000A  c_w.l(libinit2.o)
    0x000001dc   0x000001dc   0x00000000   Code   RO          859    .ARM.Collect$$libinit$$0000000C  c_w.l(libinit2.o)
    0x000001dc   0x000001dc   0x00000000   Code   RO          861    .ARM.Collect$$libinit$$0000000E  c_w.l(libinit2.o)
    0x000001dc   0x000001dc   0x00000000   Code   RO          864    .ARM.Collect$$libinit$$00000011  c_w.l(libinit2.o)
    0x000001dc   0x000001dc   0x00000000   Code   RO          866    .ARM.Collect$$libinit$$00000013  c_w.l(libinit2.o)
    0x000001dc   0x000001dc   0x00000000   Code   RO          868    .ARM.Collect$$libinit$$00000015  c_w.l(libinit2.o)
    0x000001dc   0x000001dc   0x00000000   Code   RO          870    .ARM.Collect$$libinit$$00000017  c_w.l(libinit2.o)
    0x000001dc   0x000001dc   0x00000000   Code   RO          872    .ARM.Collect$$libinit$$00000019  c_w.l(libinit2.o)
    0x000001dc   0x000001dc   0x00000000   Code   RO          874    .ARM.Collect$$libinit$$0000001B  c_w.l(libinit2.o)
    0x000001dc   0x000001dc   0x00000000   Code   RO          876    .ARM.Collect$$libinit$$0000001D  c_w.l(libinit2.o)
    0x000001dc   0x000001dc   0x00000000   Code   RO          878    .ARM.Collect$$libinit$$0000001F  c_w.l(libinit2.o)
    0x000001dc   0x000001dc   0x00000000   Code   RO          880    .ARM.Collect$$libinit$$00000021  c_w.l(libinit2.o)
    0x000001dc   0x000001dc   0x00000000   Code   RO          882    .ARM.Collect$$libinit$$00000023  c_w.l(libinit2.o)
    0x000001dc   0x000001dc   0x00000004   Code   RO          883    .ARM.Collect$$libinit$$00000024  c_w.l(libinit2.o)
    0x000001e0   0x000001e0   0x00000000   Code   RO          884    .ARM.Collect$$libinit$$00000025  c_w.l(libinit2.o)
    0x000001e0   0x000001e0   0x00000000   Code   RO          888    .ARM.Collect$$libinit$$0000002C  c_w.l(libinit2.o)
    0x000001e0   0x000001e0   0x00000000   Code   RO          890    .ARM.Collect$$libinit$$0000002E  c_w.l(libinit2.o)
    0x000001e0   0x000001e0   0x00000000   Code   RO          892    .ARM.Collect$$libinit$$00000030  c_w.l(libinit2.o)
    0x000001e0   0x000001e0   0x00000000   Code   RO          894    .ARM.Collect$$libinit$$00000032  c_w.l(libinit2.o)
    0x000001e0   0x000001e0   0x00000002   Code   RO          895    .ARM.Collect$$libinit$$00000033  c_w.l(libinit2.o)
    0x000001e2   0x000001e2   0x00000002   Code   RO         1042    .ARM.Collect$$libshutdown$$00000000  c_w.l(libshutdown.o)
    0x000001e4   0x000001e4   0x00000000   Code   RO          897    .ARM.Collect$$libshutdown$$00000002  c_w.l(libshutdown2.o)
    0x000001e4   0x000001e4   0x00000004   Code   RO          898    .ARM.Collect$$libshutdown$$00000003  c_w.l(libshutdown2.o)
    0x000001e8   0x000001e8   0x00000000   Code   RO          899    .ARM.Collect$$libshutdown$$00000004  c_w.l(libshutdown2.o)
    0x000001e8   0x000001e8   0x00000000   Code   RO          902    .ARM.Collect$$libshutdown$$00000007  c_w.l(libshutdown2.o)
    0x000001e8   0x000001e8   0x00000000   Code   RO          905    .ARM.Collect$$libshutdown$$0000000A  c_w.l(libshutdown2.o)
    0x000001e8   0x000001e8   0x00000000   Code   RO          907    .ARM.Collect$$libshutdown$$0000000C  c_w.l(libshutdown2.o)
    0x000001e8   0x000001e8   0x00000000   Code   RO          910    .ARM.Collect$$libshutdown$$0000000F  c_w.l(libshutdown2.o)
    0x000001e8   0x000001e8   0x00000002   Code   RO          911    .ARM.Collect$$libshutdown$$00000010  c_w.l(libshutdown2.o)
    0x000001ea   0x000001ea   0x00000000   Code   RO          707    .ARM.Collect$$rtentry$$00000000  c_w.l(__rtentry.o)
    0x000001ea   0x000001ea   0x00000000   Code   RO          731    .ARM.Collect$$rtentry$$00000002  c_w.l(__rtentry2.o)
    0x000001ea   0x000001ea   0x00000006   Code   RO          743    .ARM.Collect$$rtentry$$00000004  c_w.l(__rtentry4.o)
    0x000001f0   0x000001f0   0x00000000   Code   RO          733    .ARM.Collect$$rtentry$$00000009  c_w.l(__rtentry2.o)
    0x000001f0   0x000001f0   0x00000004   Code   RO          734    .ARM.Collect$$rtentry$$0000000A  c_w.l(__rtentry2.o)
    0x000001f4   0x000001f4   0x00000000   Code   RO          736    .ARM.Collect$$rtentry$$0000000C  c_w.l(__rtentry2.o)
    0x000001f4   0x000001f4   0x00000008   Code   RO          737    .ARM.Collect$$rtentry$$0000000D  c_w.l(__rtentry2.o)
    0x000001fc   0x000001fc   0x00000002   Code   RO          920    .ARM.Collect$$rtexit$$00000000  c_w.l(rtexit.o)
    0x000001fe   0x000001fe   0x00000000   Code   RO          978    .ARM.Collect$$rtexit$$00000002  c_w.l(rtexit2.o)
    0x000001fe   0x000001fe   0x00000004   Code   RO          979    .ARM.Collect$$rtexit$$00000003  c_w.l(rtexit2.o)
    0x00000202   0x00000202   0x00000006   Code   RO          980    .ARM.Collect$$rtexit$$00000004  c_w.l(rtexit2.o)
    0x00000208   0x00000208   0x00000020   Code   RO          155    .emb_text           cortexm.o
    0x00000228   0x00000228   0x00000000   Code   RO          984    .emb_text           c_w.l(maybetermalloc1.o)
    0x00000228   0x00000228   0x0000003c   Code   RO          603  * .text               startup_msp432p4111_uvision.o
    0x00000264   0x00000264   0x00000018   Code   RO          649    .text               c_w.l(noretval__2printf.o)
    0x0000027c   0x0000027c   0x00000028   Code   RO          651    .text               c_w.l(noretval__2sprintf.o)
    0x000002a4   0x000002a4   0x00000068   Code   RO          653    .text               c_w.l(__printf.o)
    0x0000030c   0x0000030c   0x00000052   Code   RO          655    .text               c_w.l(_printf_str.o)
    0x0000035e   0x0000035e   0x00000002   PAD
    0x00000360   0x00000360   0x00000078   Code   RO          657    .text               c_w.l(_printf_dec.o)
    0x000003d8   0x000003d8   0x00000018   Code   RO          683    .text               c_w.l(strcat.o)
    0x000003f0   0x000003f0   0x0000004e   Code   RO          685    .text               c_w.l(rt_memclr_w.o)
    0x0000043e   0x0000043e   0x00000006   Code   RO          687    .text               c_w.l(heapauxi.o)
    0x00000444   0x00000444   0x000000b2   Code   RO          708    .text               c_w.l(_printf_intcommon.o)
    0x000004f6   0x000004f6   0x00000002   PAD
    0x000004f8   0x000004f8   0x00000030   Code   RO          710    .text               c_w.l(_printf_char_common.o)
    0x00000528   0x00000528   0x0000000a   Code   RO          712    .text               c_w.l(_sputc.o)
    0x00000532   0x00000532   0x0000002c   Code   RO          714    .text               c_w.l(_printf_char.o)
    0x0000055e   0x0000055e   0x00000002   PAD
    0x00000560   0x00000560   0x00000024   Code   RO          716    .text               c_w.l(_printf_char_file.o)
    0x00000584   0x00000584   0x00000008   Code   RO          747    .text               c_w.l(ferror.o)
    0x0000058c   0x0000058c   0x00000138   Code   RO          753    .text               c_w.l(initio.o)
    0x000006c4   0x000006c4   0x00000066   Code   RO          761    .text               c_w.l(sys_io.o)
    0x0000072a   0x0000072a   0x0000004a   Code   RO          768    .text               c_w.l(sys_stackheap_outer.o)
    0x00000774   0x00000774   0x0000004e   Code   RO          772    .text               c_w.l(h1_free.o)
    0x000007c2   0x000007c2   0x000001d6   Code   RO          826    .text               c_w.l(flsbuf.o)
    0x00000998   0x00000998   0x00000046   Code   RO          828    .text               c_w.l(setvbuf.o)
    0x000009de   0x000009de   0x00000002   PAD
    0x000009e0   0x000009e0   0x000000ec   Code   RO          831    .text               c_w.l(fopen.o)
    0x00000acc   0x00000acc   0x0000004c   Code   RO          833    .text               c_w.l(fclose.o)
    0x00000b18   0x00000b18   0x00000012   Code   RO          839    .text               c_w.l(exit.o)
    0x00000b2a   0x00000b2a   0x0000000e   Code   RO          841    .text               c_w.l(defsig_rtred_outer.o)
    0x00000b38   0x00000b38   0x00000008   Code   RO          914    .text               c_w.l(libspace.o)
    0x00000b40   0x00000b40   0x00000002   Code   RO          917    .text               c_w.l(use_no_semi.o)
    0x00000b42   0x00000b42   0x00000000   Code   RO          919    .text               c_w.l(indicate_semi.o)
    0x00000b42   0x00000b42   0x00000002   PAD
    0x00000b44   0x00000b44   0x00000008   Code   RO          927    .text               c_w.l(rt_heap_descriptor_intlibspace.o)
    0x00000b4c   0x00000b4c   0x00000004   Code   RO          929    .text               c_w.l(hguard.o)
    0x00000b50   0x00000b50   0x0000008a   Code   RO          931    .text               c_w.l(init_alloc.o)
    0x00000bda   0x00000bda   0x0000005e   Code   RO          937    .text               c_w.l(h1_alloc.o)
    0x00000c38   0x00000c38   0x000000f8   Code   RO          953    .text               c_w.l(fseek.o)
    0x00000d30   0x00000d30   0x000000f0   Code   RO          955    .text               c_w.l(stdio.o)
    0x00000e20   0x00000e20   0x0000000a   Code   RO          961    .text               c_w.l(defsig_exit.o)
    0x00000e2a   0x00000e2a   0x00000002   PAD
    0x00000e2c   0x00000e2c   0x00000034   Code   RO          963    .text               c_w.l(defsig_rtred_inner.o)
    0x00000e60   0x00000e60   0x0000003e   Code   RO          967    .text               c_w.l(strlen.o)
    0x00000e9e   0x00000e9e   0x00000002   PAD
    0x00000ea0   0x00000ea0   0x0000000c   Code   RO          975    .text               c_w.l(sys_exit.o)
    0x00000eac   0x00000eac   0x0000000e   Code   RO          986    .text               c_w.l(h1_init.o)
    0x00000eba   0x00000eba   0x00000034   Code   RO          988    .text               c_w.l(h1_extend.o)
    0x00000eee   0x00000eee   0x00000042   Code   RO          998    .text               c_w.l(ftell.o)
    0x00000f30   0x00000f30   0x00000032   Code   RO         1006    .text               c_w.l(defsig_general.o)
    0x00000f62   0x00000f62   0x0000000e   Code   RO         1008    .text               c_w.l(defsig_rtmem_outer.o)
    0x00000f70   0x00000f70   0x0000000e   Code   RO         1023    .text               c_w.l(sys_wrch.o)
    0x00000f7e   0x00000f7e   0x00000002   PAD
    0x00000f80   0x00000f80   0x00000008   Code   RO         1030    .text               c_w.l(rt_errno_addr_intlibspace.o)
    0x00000f88   0x00000f88   0x00000050   Code   RO         1036    .text               c_w.l(defsig_rtmem_inner.o)
    0x00000fd8   0x00000fd8   0x00000170   Code   RO            4    i.ADC0_InitSWTriggerCh6  adc14.o
    0x00001148   0x00001148   0x00000038   Code   RO            5    i.ADC_In            adc14.o
    0x00001180   0x00001180   0x0000005c   Code   RO          103    i.CLK_Handler       controlpins.o
    0x000011dc   0x000011dc   0x00000050   Code   RO          416    i.CalcPeriodFromFrequency  timer32.o
    0x0000122c   0x0000122c   0x0000001c   Code   RO          246    i.Camera_Init       main1.o
    0x00001248   0x00001248   0x00000054   Code   RO          104    i.ControlPin_CLK_Init  controlpins.o
    0x0000129c   0x0000129c   0x00000050   Code   RO          105    i.ControlPin_SI_Init  controlpins.o
    0x000012ec   0x000012ec   0x00000026   Code   RO          371    i.DisableSysTickTimer  systicktimer.o
    0x00001312   0x00001312   0x00000026   Code   RO          372    i.EnableSysTickTimer  systicktimer.o
    0x00001338   0x00001338   0x00000064   Code   RO          174    i.LED1_Init         led.o
    0x0000139c   0x0000139c   0x00000014   Code   RO          176    i.LED1_on           led.o
    0x000013b0   0x000013b0   0x000000d0   Code   RO          179    i.LED2_Init         led.o
    0x00001480   0x00001480   0x0000004c   Code   RO          106    i.SI_Handler        controlpins.o
    0x000014cc   0x000014cc   0x000000c8   Code   RO          327    i.Switches_Init     switches.o
    0x00001594   0x00001594   0x00000074   Code   RO          373    i.SysTickTimer_Init  systicktimer.o
    0x00001608   0x00001608   0x0000001c   Code   RO          374    i.SysTick_Handler   systicktimer.o
    0x00001624   0x00001624   0x000000dc   Code   RO          611    i.SystemInit        system_msp432p4111.o
    0x00001700   0x00001700   0x0000002c   Code   RO          418    i.T32_INT1_IRQHandler  timer32.o
    0x0000172c   0x0000172c   0x0000002c   Code   RO          419    i.T32_INT2_IRQHandler  timer32.o
    0x00001758   0x00001758   0x00000044   Code   RO          473    i.TIMER_A0_PWM_DutyCycle  timera.o
    0x0000179c   0x0000179c   0x00000128   Code   RO          474    i.TIMER_A0_PWM_Init  timera.o
    0x000018c4   0x000018c4   0x000000b8   Code   RO          476    i.TIMER_A2_PWM_Init  timera.o
    0x0000197c   0x0000197c   0x00000084   Code   RO          420    i.Timer32_1_Init    timer32.o
    0x00001a00   0x00001a00   0x000000c8   Code   RO            6    i.findMidpoint      adc14.o
    0x00001ac8   0x00001ac8   0x0000001a   Code   RO          750    i.fputc             c_w.l(fputc.o)
    0x00001ae2   0x00001ae2   0x00000002   PAD
    0x00001ae4   0x00001ae4   0x00000184   Code   RO          247    i.main              main1.o
    0x00001c68   0x00001c68   0x00000022   Code   RO          293    i.myDelay           motors.o
    0x00001c8a   0x00001c8a   0x00000002   PAD
    0x00001c8c   0x00001c8c   0x00000080   Code   RO            7    i.printBinAverages  adc14.o
    0x00001d0c   0x00001d0c   0x00000072   Code   RO            8    i.smoothData        adc14.o
    0x00001d7e   0x00001d7e   0x00000002   PAD
    0x00001d80   0x00001d80   0x0000008c   Code   RO          522    i.uart0_init        uart.o
    0x00001e0c   0x00001e0c   0x00000016   Code   RO          523    i.uart0_put         uart.o
    0x00001e22   0x00001e22   0x00000002   PAD
    0x00001e24   0x00001e24   0x00000018   Code   RO          524    i.uart0_putchar     uart.o
    0x00001e3c   0x00001e3c   0x00000098   Code   RO          527    i.uart2_init        uart.o
    0x00001ed4   0x00001ed4   0x000002b0   Code   RO          692    x$fpl$ddiv          fz_wm.l(ddiv.o)
    0x00002184   0x00002184   0x0000005a   Code   RO          695    x$fpl$dfixu         fz_wm.l(dfixu.o)
    0x000021de   0x000021de   0x00000026   Code   RO          699    x$fpl$dfltu         fz_wm.l(dflt_clz.o)
    0x00002204   0x00002204   0x00000154   Code   RO          705    x$fpl$dmul          fz_wm.l(dmul.o)
    0x00002358   0x00002358   0x0000009c   Code   RO          725    x$fpl$dnaninf       fz_wm.l(dnaninf.o)
    0x000023f4   0x000023f4   0x0000000c   Code   RO          727    x$fpl$dretinf       fz_wm.l(dretinf.o)
    0x00002400   0x00002400   0x0000000a   Code   RO          973    x$fpl$fpinit        fz_wm.l(fpinit.o)
    0x0000240a   0x0000240a   0x00000000   Code   RO          729    x$fpl$usenofp       fz_wm.l(usenofp.o)
    0x0000240a   0x0000240a   0x00000004   Data   RO          762    .constdata          c_w.l(sys_io.o)
    0x0000240e   0x0000240e   0x00000004   Data   RO          763    .constdata          c_w.l(sys_io.o)
    0x00002412   0x00002412   0x00000004   Data   RO          764    .constdata          c_w.l(sys_io.o)
    0x00002416   0x00002416   0x00000002   PAD
    0x00002418   0x00002418   0x00000020   Data   RO         1061    Region$$Table       anon$$obj.o


    Execution Region ER_RW (Exec base: 0x20000000, Load base: 0x00002438, Size: 0x00000064, Max: 0xffffffff, ABSOLUTE)

    Exec Addr    Load Addr    Size         Type   Attr      Idx    E Section Name        Object

    0x20000000   0x00002438   0x00000009   Data   RW          108    .data               controlpins.o
    0x20000009   0x00002441   0x00000007   PAD
    0x20000010   0x00002448   0x0000001a   Data   RW          249    .data               main1.o
    0x2000002a   0x00002462   0x00000002   PAD
    0x2000002c   0x00002464   0x00000008   Data   RW          375    .data               systicktimer.o
    0x20000034   0x0000246c   0x00000004   PAD
    0x20000038   0x00002470   0x00000019   Data   RW          422    .data               timer32.o
    0x20000051   0x00002489   0x00000001   PAD
    0x20000052   0x0000248a   0x00000002   Data   RW          478    .data               timera.o
    0x20000054   0x0000248c   0x00000004   Data   RW          612    .data               system_msp432p4111.o
    0x20000058   0x00002490   0x00000004   Data   RW          722    .data               c_w.l(stdio_streams.o)
    0x2000005c   0x00002494   0x00000004   Data   RW          723    .data               c_w.l(stdio_streams.o)
    0x20000060   0x00002498   0x00000004   Data   RW          724    .data               c_w.l(stdio_streams.o)


    Execution Region ER_ZI (Exec base: 0x20000064, Load base: 0x0000249c, Size: 0x000004a4, Max: 0xffffffff, ABSOLUTE)

    Exec Addr    Load Addr    Size         Type   Attr      Idx    E Section Name        Object

    0x20000064        -       0x00000100   Zero   RW          107    .bss                controlpins.o
    0x20000164        -       0x00000032   Zero   RW          248    .bss                main1.o
    0x20000196        -       0x00000014   Zero   RW          477    .bss                timera.o
    0x200001aa   0x0000249c   0x00000002   PAD
    0x200001ac        -       0x00000054   Zero   RW          719    .bss                c_w.l(stdio_streams.o)
    0x20000200        -       0x00000054   Zero   RW          720    .bss                c_w.l(stdio_streams.o)
    0x20000254        -       0x00000054   Zero   RW          721    .bss                c_w.l(stdio_streams.o)
    0x200002a8        -       0x00000060   Zero   RW          915    .bss                c_w.l(libspace.o)
    0x20000308        -       0x00000000   Zero   RW          601    HEAP                startup_msp432p4111_uvision.o
    0x20000308        -       0x00000200   Zero   RW          600    STACK               startup_msp432p4111_uvision.o


==============================================================================

Image component sizes


      Code (inc. data)   RO Data    RW Data    ZI Data      Debug   Object Name

       866         58          0          0          0      10992   adc14.o
       332         54          0          9        256       4260   controlpins.o
        32          0          0          0          0        560   cortexm.o
       328         14          0          0          0       1290   led.o
       416        140          0         26         50       2170   main1.o
        34          0          0          0          0        510   motors.o
        60         22        324          0        512        904   startup_msp432p4111_uvision.o
       200          4          0          0          0        476   switches.o
       220         34          0          4          0        787   system_msp432p4111.o
       220         16          0          8          0       2645   systicktimer.o
       300         64          0         25          0       3055   timer32.o
       548         42          0          2         20       2929   timera.o
       338         32          0          0          0       1862   uart.o

    ----------------------------------------------------------------------
      3900        480        356         88        840      32440   Object Totals
         0          0         32          0          0          0   (incl. Generated)
         6          0          0         14          2          0   (incl. Padding)

    ----------------------------------------------------------------------

      Code (inc. data)   RO Data    RW Data    ZI Data      Debug   Library Member Name

         8          0          0          0          0         68   __main.o
       104          0          0          0          0         84   __printf.o
         0          0          0          0          0          0   __rtentry.o
        12          0          0          0          0          0   __rtentry2.o
         6          0          0          0          0          0   __rtentry4.o
        52          8          0          0          0          0   __scatter.o
        26          0          0          0          0          0   __scatter_copy.o
        28          0          0          0          0          0   __scatter_zi.o
        44          0          0          0          0        108   _printf_char.o
        48          6          0          0          0         96   _printf_char_common.o
        36          4          0          0          0         80   _printf_char_file.o
       120         16          0          0          0         92   _printf_dec.o
         6          0          0          0          0          0   _printf_i.o
       178          0          0          0          0         88   _printf_intcommon.o
         0          0          0          0          0          0   _printf_percent.o
         4          0          0          0          0          0   _printf_percent_end.o
         6          0          0          0          0          0   _printf_s.o
        82          0          0          0          0         80   _printf_str.o
         6          0          0          0          0          0   _printf_u.o
        10          0          0          0          0         68   _sputc.o
        10          0          0          0          0         68   defsig_exit.o
        50          0          0          0          0         88   defsig_general.o
        80         58          0          0          0         76   defsig_rtmem_inner.o
        14          0          0          0          0         80   defsig_rtmem_outer.o
        52         38          0          0          0         76   defsig_rtred_inner.o
        14          0          0          0          0         80   defsig_rtred_outer.o
        18          0          0          0          0         80   exit.o
        76          0          0          0          0         88   fclose.o
         8          0          0          0          0         68   ferror.o
       470          0          0          0          0         88   flsbuf.o
       236          4          0          0          0        128   fopen.o
        26          0          0          0          0         68   fputc.o
       248          6          0          0          0         84   fseek.o
        66          0          0          0          0         76   ftell.o
        94          0          0          0          0         80   h1_alloc.o
        52          0          0          0          0         68   h1_extend.o
        78          0          0          0          0         80   h1_free.o
        14          0          0          0          0         84   h1_init.o
         6          0          0          0          0        152   heapauxi.o
         4          0          0          0          0        136   hguard.o
         0          0          0          0          0          0   indicate_semi.o
       138          0          0          0          0        168   init_alloc.o
       312         46          0          0          0        112   initio.o
         2          0          0          0          0          0   libinit.o
        18          0          0          0          0          0   libinit2.o
         2          0          0          0          0          0   libshutdown.o
         6          0          0          0          0          0   libshutdown2.o
         8          4          0          0         96         68   libspace.o
         0          0          0          0          0          0   maybetermalloc1.o
        24          4          0          0          0         84   noretval__2printf.o
        40          6          0          0          0         84   noretval__2sprintf.o
         8          4          0          0          0         68   rt_errno_addr_intlibspace.o
         8          4          0          0          0         68   rt_heap_descriptor_intlibspace.o
        78          0          0          0          0         80   rt_memclr_w.o
         2          0          0          0          0          0   rtexit.o
        10          0          0          0          0          0   rtexit2.o
        70          0          0          0          0         80   setvbuf.o
       240          6          0          0          0        156   stdio.o
         0          0          0         12        252          0   stdio_streams.o
        24          0          0          0          0         68   strcat.o
        62          0          0          0          0         76   strlen.o
        12          4          0          0          0         68   sys_exit.o
       102          0         12          0          0        240   sys_io.o
        74          0          0          0          0         80   sys_stackheap_outer.o
        14          0          0          0          0         76   sys_wrch.o
         2          0          0          0          0         68   use_no_semi.o
       688        140          0          0          0        256   ddiv.o
        90          4          0          0          0        140   dfixu.o
        38          0          0          0          0        116   dflt_clz.o
       340         12          0          0          0        152   dmul.o
       156          4          0          0          0        140   dnaninf.o
        12          0          0          0          0        116   dretinf.o
        10          0          0          0          0        116   fpinit.o
         0          0          0          0          0          0   usenofp.o

    ----------------------------------------------------------------------
      5002        378         14         12        348       5192   Library Totals
        20          0          2          0          0          0   (incl. Padding)

    ----------------------------------------------------------------------

      Code (inc. data)   RO Data    RW Data    ZI Data      Debug   Library Name

      3648        218         12         12        348       4156   c_w.l
      1334        160          0          0          0       1036   fz_wm.l

    ----------------------------------------------------------------------
      5002        378         14         12        348       5192   Library Totals

    ----------------------------------------------------------------------

==============================================================================


      Code (inc. data)   RO Data    RW Data    ZI Data      Debug   

      8902        858        370        100       1188      31896   Grand Totals
      8902        858        370        100       1188      31896   ELF Image Totals
      8902        858        370        100          0          0   ROM Totals

==============================================================================

    Total RO  Size (Code + RO Data)                 9272 (   9.05kB)
    Total RW  Size (RW Data + ZI Data)              1288 (   1.26kB)
    Total ROM Size (Code + RO Data + RW Data)       9372 (   9.15kB)

==============================================================================

